
up to date, audited 1572 packages in 3s

250 packages are looking for funding
  run `npm fund` for details

3 moderate severity vulnerabilities

To address all issues (including breaking changes), run:
  npm audit fix --force

Run `npm audit` for details.

changed 2 packages, and audited 1572 packages in 58s

250 packages are looking for funding
  run `npm fund` for details

3 moderate severity vulnerabilities

To address all issues (including breaking changes), run:
  npm audit fix --force

Run `npm audit` for details.
rollup: core-js
[36m
[1m./node_modules/core-js/index.js[22m → [1m./dist/tmp/libs/core-js/core-js.umd.js[22m...[39m
[32mcreated [1m./dist/tmp/libs/core-js/core-js.umd.js[22m in [1m1.6s[22m[39m
rollup: core-js - success
rollup: tslib
rollup: tslib - success
rollup: ngx-bootstrap-libs
[36m
[1mnode_modules/ngx-bootstrap/collapse/fesm2022/ngx-bootstrap-collapse.mjs[22m → [1mnode_modules/ngx-bootstrap/collapse/bundles/ngx-bootstrap-collapse.umd.js[22m...[39m
[32mcreated [1mnode_modules/ngx-bootstrap/collapse/bundles/ngx-bootstrap-collapse.umd.js[22m in [1m34ms[22m[39m
[36m
[1m./node_modules/ngx-bootstrap/chronos/fesm2022/ngx-bootstrap-chronos.mjs[22m → [1mnode_modules/ngx-bootstrap/chronos/bundles/ngx-bootstrap-chronos.umd.js[22m...[39m
[32mcreated [1mnode_modules/ngx-bootstrap/chronos/bundles/ngx-bootstrap-chronos.umd.js[22m in [1m145ms[22m[39m
[36m
[1mnode_modules/ngx-bootstrap/utils/fesm2022/ngx-bootstrap-utils.mjs[22m → [1mnode_modules/ngx-bootstrap/utils/bundles/ngx-bootstrap-utils.umd.js[22m...[39m
[32mcreated [1mnode_modules/ngx-bootstrap/utils/bundles/ngx-bootstrap-utils.umd.js[22m in [1m18ms[22m[39m
[36m
[1mnode_modules/ngx-bootstrap/positioning/fesm2022/ngx-bootstrap-positioning.mjs[22m → [1mnode_modules/ngx-bootstrap/positioning/bundles/ngx-bootstrap-positioning.umd.js[22m...[39m
[1m[33m(!) Unresolved dependencies[39m[22m
[90mhttps://rollupjs.org/troubleshooting/#warning-treating-module-as-external-dependency[39m
[1m@angular/core/rxjs-interop[22m (imported by "node_modules/ngx-bootstrap/positioning/fesm2022/ngx-bootstrap-positioning.mjs")
[1m[33m(!) Missing global variable name[39m[22m
[90mhttps://rollupjs.org/configuration-options/#output-globals[39m
Use "output.globals" to specify browser global variable names corresponding to external modules:
[1m@angular/core/rxjs-interop[22m (guessing "rxjsInterop")
[32mcreated [1mnode_modules/ngx-bootstrap/positioning/bundles/ngx-bootstrap-positioning.umd.js[22m in [1m24ms[22m[39m
[36m
[1mnode_modules/ngx-bootstrap/component-loader/fesm2022/ngx-bootstrap-component-loader.mjs[22m → [1mnode_modules/ngx-bootstrap/component-loader/bundles/ngx-bootstrap-component-loader.umd.js[22m...[39m
[32mcreated [1mnode_modules/ngx-bootstrap/component-loader/bundles/ngx-bootstrap-component-loader.umd.js[22m in [1m12ms[22m[39m
[36m
[1mnode_modules/ngx-bootstrap/dropdown/fesm2022/ngx-bootstrap-dropdown.mjs[22m → [1mnode_modules/ngx-bootstrap/dropdown/bundles/ngx-bootstrap-dropdown.umd.js[22m...[39m
[32mcreated [1mnode_modules/ngx-bootstrap/dropdown/bundles/ngx-bootstrap-dropdown.umd.js[22m in [1m16ms[22m[39m
[36m
[1mnode_modules/ngx-bootstrap/locale/fesm2022/ngx-bootstrap-locale.mjs[22m → [1mnode_modules/ngx-bootstrap/locale/bundles/ngx-bootstrap-locale.umd.js[22m...[39m
[32mcreated [1mnode_modules/ngx-bootstrap/locale/bundles/ngx-bootstrap-locale.umd.js[22m in [1m3ms[22m[39m
[36m
[1mnode_modules/ngx-bootstrap/buttons/fesm2022/ngx-bootstrap-buttons.mjs[22m → [1mnode_modules/ngx-bootstrap/buttons/bundles/ngx-bootstrap-buttons.umd.js[22m...[39m
[32mcreated [1mnode_modules/ngx-bootstrap/buttons/bundles/ngx-bootstrap-buttons.umd.js[22m in [1m12ms[22m[39m
[36m
[1mnode_modules/ngx-bootstrap/carousel/fesm2022/ngx-bootstrap-carousel.mjs[22m → [1mnode_modules/ngx-bootstrap/carousel/bundles/ngx-bootstrap-carousel.umd.js[22m...[39m
[32mcreated [1mnode_modules/ngx-bootstrap/carousel/bundles/ngx-bootstrap-carousel.umd.js[22m in [1m17ms[22m[39m
[36m
[1mnode_modules/ngx-bootstrap/mini-ngrx/fesm2022/ngx-bootstrap-mini-ngrx.mjs[22m → [1mnode_modules/ngx-bootstrap/mini-ngrx/bundles/ngx-bootstrap-mini-ngrx.umd.js[22m...[39m
[32mcreated [1mnode_modules/ngx-bootstrap/mini-ngrx/bundles/ngx-bootstrap-mini-ngrx.umd.js[22m in [1m4ms[22m[39m
[36m
[1mnode_modules/ngx-bootstrap/focus-trap/fesm2022/ngx-bootstrap-focus-trap.mjs[22m → [1mnode_modules/ngx-bootstrap/focus-trap/bundles/ngx-bootstrap-focus-trap.umd.js[22m...[39m
[32mcreated [1mnode_modules/ngx-bootstrap/focus-trap/bundles/ngx-bootstrap-focus-trap.umd.js[22m in [1m14ms[22m[39m
[36m
[1mnode_modules/ngx-bootstrap/modal/fesm2022/ngx-bootstrap-modal.mjs[22m → [1mnode_modules/ngx-bootstrap/modal/bundles/ngx-bootstrap-modal.umd.js[22m...[39m
[32mcreated [1mnode_modules/ngx-bootstrap/modal/bundles/ngx-bootstrap-modal.umd.js[22m in [1m19ms[22m[39m
[36m
[1mnode_modules/ngx-bootstrap/pagination/fesm2022/ngx-bootstrap-pagination.mjs[22m → [1mnode_modules/ngx-bootstrap/pagination/bundles/ngx-bootstrap-pagination.umd.js[22m...[39m
[32mcreated [1mnode_modules/ngx-bootstrap/pagination/bundles/ngx-bootstrap-pagination.umd.js[22m in [1m13ms[22m[39m
[36m
[1mnode_modules/ngx-bootstrap/popover/fesm2022/ngx-bootstrap-popover.mjs[22m → [1mnode_modules/ngx-bootstrap/popover/bundles/ngx-bootstrap-popover.umd.js[22m...[39m
[32mcreated [1mnode_modules/ngx-bootstrap/popover/bundles/ngx-bootstrap-popover.umd.js[22m in [1m11ms[22m[39m
[36m
[1mnode_modules/ngx-bootstrap/progressbar/fesm2022/ngx-bootstrap-progressbar.mjs[22m → [1mnode_modules/ngx-bootstrap/progressbar/bundles/ngx-bootstrap-progressbar.umd.js[22m...[39m
[32mcreated [1mnode_modules/ngx-bootstrap/progressbar/bundles/ngx-bootstrap-progressbar.umd.js[22m in [1m5ms[22m[39m
[36m
[1mnode_modules/ngx-bootstrap/rating/fesm2022/ngx-bootstrap-rating.mjs[22m → [1mnode_modules/ngx-bootstrap/rating/bundles/ngx-bootstrap-rating.umd.js[22m...[39m
[32mcreated [1mnode_modules/ngx-bootstrap/rating/bundles/ngx-bootstrap-rating.umd.js[22m in [1m5ms[22m[39m
[36m
[1mnode_modules/ngx-bootstrap/sortable/fesm2022/ngx-bootstrap-sortable.mjs[22m → [1mnode_modules/ngx-bootstrap/sortable/bundles/ngx-bootstrap-sortable.umd.js[22m...[39m
[32mcreated [1mnode_modules/ngx-bootstrap/sortable/bundles/ngx-bootstrap-sortable.umd.js[22m in [1m6ms[22m[39m
[36m
[1mnode_modules/ngx-bootstrap/tabs/fesm2022/ngx-bootstrap-tabs.mjs[22m → [1mnode_modules/ngx-bootstrap/tabs/bundles/ngx-bootstrap-tabs.umd.js[22m...[39m
[32mcreated [1mnode_modules/ngx-bootstrap/tabs/bundles/ngx-bootstrap-tabs.umd.js[22m in [1m8ms[22m[39m
[36m
[1mnode_modules/ngx-bootstrap/timepicker/fesm2022/ngx-bootstrap-timepicker.mjs[22m → [1mnode_modules/ngx-bootstrap/timepicker/bundles/ngx-bootstrap-timepicker.umd.js[22m...[39m
[32mcreated [1mnode_modules/ngx-bootstrap/timepicker/bundles/ngx-bootstrap-timepicker.umd.js[22m in [1m15ms[22m[39m
[36m
[1mnode_modules/ngx-bootstrap/tooltip/fesm2022/ngx-bootstrap-tooltip.mjs[22m → [1mnode_modules/ngx-bootstrap/tooltip/bundles/ngx-bootstrap-tooltip.umd.js[22m...[39m
[32mcreated [1mnode_modules/ngx-bootstrap/tooltip/bundles/ngx-bootstrap-tooltip.umd.js[22m in [1m7ms[22m[39m
[36m
[1mnode_modules/ngx-bootstrap/typeahead/fesm2022/ngx-bootstrap-typeahead.mjs[22m → [1mnode_modules/ngx-bootstrap/typeahead/bundles/ngx-bootstrap-typeahead.umd.js[22m...[39m
[32mcreated [1mnode_modules/ngx-bootstrap/typeahead/bundles/ngx-bootstrap-typeahead.umd.js[22m in [1m21ms[22m[39m
[36m
[1mnode_modules/ngx-bootstrap/datepicker/fesm2022/ngx-bootstrap-datepicker.mjs[22m → [1mnode_modules/ngx-bootstrap/datepicker/bundles/ngx-bootstrap-datepicker.umd.js[22m...[39m
[32mcreated [1mnode_modules/ngx-bootstrap/datepicker/bundles/ngx-bootstrap-datepicker.umd.js[22m in [1m65ms[22m[39m
[36m
[1mnode_modules/ngx-bootstrap/accordion/fesm2022/ngx-bootstrap-accordion.mjs[22m → [1mnode_modules/ngx-bootstrap/accordion/bundles/ngx-bootstrap-accordion.umd.js[22m...[39m
[32mcreated [1mnode_modules/ngx-bootstrap/accordion/bundles/ngx-bootstrap-accordion.umd.js[22m in [1m6ms[22m[39m
rollup: ngx-bootstrap-libs - success
rollup: ng-libs-umd
[36m
[1mnode_modules/@angular/core/fesm2022/core.mjs[22m → [1mnode_modules/@angular/core/bundles/core.umd.js[22m...[39m
[1m[33m(!) Unresolved dependencies[39m[22m
[90mhttps://rollupjs.org/troubleshooting/#warning-treating-module-as-external-dependency[39m
[1m@angular/core/primitives/di[22m (imported by "node_modules/@angular/core/fesm2022/core.mjs" and "node_modules/@angular/core/fesm2022/root_effect_scheduler.mjs")
[1m[33m(!) Missing global variable name[39m[22m
[90mhttps://rollupjs.org/configuration-options/#output-globals[39m
Use "output.globals" to specify browser global variable names corresponding to external modules:
[1m@angular/core/primitives/di[22m (guessing "di")
[32mcreated [1mnode_modules/@angular/core/bundles/core.umd.js[22m in [1m952ms[22m[39m
[36m
[1mnode_modules/@angular/animations/fesm2022/animations.mjs[22m → [1mnode_modules/@angular/animations/bundles/animations.umd.js[22m...[39m
[32mcreated [1mnode_modules/@angular/animations/bundles/animations.umd.js[22m in [1m22ms[22m[39m
[36m
[1mnode_modules/@angular/common/fesm2022/common.mjs[22m → [1mnode_modules/@angular/common/bundles/common.umd.js[22m...[39m
[1m[33m(!) Unresolved dependencies[39m[22m
[90mhttps://rollupjs.org/troubleshooting/#warning-treating-module-as-external-dependency[39m
[1mrxjs[22m (imported by "node_modules/@angular/common/fesm2022/common.mjs" and "node_modules/@angular/common/fesm2022/location.mjs")
[1m[33m(!) Missing global variable name[39m[22m
[90mhttps://rollupjs.org/configuration-options/#output-globals[39m
Use "output.globals" to specify browser global variable names corresponding to external modules:
[1mrxjs[22m (guessing "rxjs")
[32mcreated [1mnode_modules/@angular/common/bundles/common.umd.js[22m in [1m114ms[22m[39m
[36m
[1mnode_modules/@angular/compiler/fesm2022/compiler.mjs[22m → [1mnode_modules/@angular/compiler/bundles/compiler.umd.js[22m...[39m
[32mcreated [1mnode_modules/@angular/compiler/bundles/compiler.umd.js[22m in [1m603ms[22m[39m
[36m
[1mnode_modules/@angular/platform-browser/fesm2022/platform-browser.mjs[22m → [1mnode_modules/@angular/platform-browser/bundles/platform-browser.umd.js[22m...[39m
[32mcreated [1mnode_modules/@angular/platform-browser/bundles/platform-browser.umd.js[22m in [1m32ms[22m[39m
[36m
[1mnode_modules/@angular/platform-browser-dynamic/fesm2022/platform-browser-dynamic.mjs[22m → [1mnode_modules/@angular/platform-browser-dynamic/bundles/platform-browser-dynamic.umd.js[22m...[39m
[32mcreated [1mnode_modules/@angular/platform-browser-dynamic/bundles/platform-browser-dynamic.umd.js[22m in [1m6ms[22m[39m
[36m
[1m./node_modules/@angular/common/fesm2022/http.mjs[22m → [1mnode_modules/@angular/common/bundles/common-http.umd.js[22m...[39m
[32mcreated [1mnode_modules/@angular/common/bundles/common-http.umd.js[22m in [1m63ms[22m[39m
[36m
[1mnode_modules/@angular/core/fesm2022/primitives/signals.mjs[22m → [1mnode_modules/@angular/core/bundles/core-signals.umd.js[22m...[39m
[32mcreated [1mnode_modules/@angular/core/bundles/core-signals.umd.js[22m in [1m25ms[22m[39m
[36m
[1mnode_modules/@angular/core/fesm2022/primitives/event-dispatch.mjs[22m → [1mnode_modules/@angular/core/bundles/core-event-dispatch.umd.js[22m...[39m
[32mcreated [1mnode_modules/@angular/core/bundles/core-event-dispatch.umd.js[22m in [1m37ms[22m[39m
[36m
[1mnode_modules/@angular/forms/fesm2022/forms.mjs[22m → [1mnode_modules/@angular/forms/bundles/forms.umd.js[22m...[39m
[32mcreated [1mnode_modules/@angular/forms/bundles/forms.umd.js[22m in [1m135ms[22m[39m
[36m
[1mnode_modules/@angular/router/fesm2022/router.mjs[22m → [1mnode_modules/@angular/router/bundles/router.umd.js[22m...[39m
[32mcreated [1mnode_modules/@angular/router/bundles/router.umd.js[22m in [1m187ms[22m[39m
[36m
[1mnode_modules/@angular/animations/fesm2022/browser.mjs[22m → [1mnode_modules/@angular/animations/bundles/animations-browser.umd.js[22m...[39m
[32mcreated [1mnode_modules/@angular/animations/bundles/animations-browser.umd.js[22m in [1m67ms[22m[39m
[36m
[1mnode_modules/@angular/platform-browser/fesm2022/animations.mjs[22m → [1mnode_modules/@angular/platform-browser/bundles/platform-browser-animations.umd.js[22m...[39m
[32mcreated [1mnode_modules/@angular/platform-browser/bundles/platform-browser-animations.umd.js[22m in [1m18ms[22m[39m
rollup: ng-libs-umd - success
rollup: ngx-toastr
[36m
[1m./node_modules/ngx-toastr/fesm2022/ngx-toastr.mjs[22m → [1m./node_modules/ngx-toastr/bundles/ngx-toastr.umd.js[22m...[39m
[32mcreated [1m./node_modules/ngx-toastr/bundles/ngx-toastr.umd.js[22m in [1m58ms[22m[39m
rollup: ngx-toastr - success
rollup: angular-websocket
[36m
[1m./node_modules/angular2-websocket/angular2-websocket.js[22m → [1m./dist/tmp/libs/angular-websocket/angular-websocket.umd.js[22m...[39m
[32mcreated [1m./dist/tmp/libs/angular-websocket/angular-websocket.umd.js[22m in [1m580ms[22m[39m
rollup: angular-websocket - success
rollup: ng-circle-progress
[36m
[1m./node_modules/ng-circle-progress/fesm2020/ng-circle-progress.mjs[22m → [1m./dist/tmp/libs/ng-circle-progress/ng-circle-progress.umd.js[22m...[39m
[32mcreated [1m./dist/tmp/libs/ng-circle-progress/ng-circle-progress.umd.js[22m in [1m51ms[22m[39m
rollup: ng-circle-progress - success
rollup: ngx-libs
[36m
[1m./node_modules/ngx-color-picker/fesm2022/ngx-color-picker.mjs[22m → [1m./node_modules/ngx-color-picker/bundles/ngx-color-picker.umd.js[22m...[39m
[32mcreated [1m./node_modules/ngx-color-picker/bundles/ngx-color-picker.umd.js[22m in [1m84ms[22m[39m
[36m
[1m./node_modules/angular-imask/fesm2022/angular-imask.mjs[22m → [1m./node_modules/angular-imask/bundles/angular-imask.umd.js[22m...[39m
[32mcreated [1m./node_modules/angular-imask/bundles/angular-imask.umd.js[22m in [1m11ms[22m[39m
rollup: ngx-libs - success
uglify: web-libs
uglify: web-libs - success
Copying foundation folder to bundle directory
Foundation folder copied successfully
Building Angular Package

------------------------------------------------------------------------------
Building entry point '@wm/core'
------------------------------------------------------------------------------
- Compiling with Angular sources in partial compilation mode.
✔ Compiling with Angular sources in partial compilation mode.
- Writing FESM and DTS bundles
✔ Writing FESM and DTS bundles
- Copying assets
✔ Copying assets
- Writing package manifest
✔ Writing package manifest
✔ Built @wm/core

------------------------------------------------------------------------------
Built Angular Package
- from: /Users/bhargavig_500297/projects/wavemaker-studio-frontend/wavemaker-ng-runtime/projects/core
- to:   /Users/bhargavig_500297/projects/wavemaker-studio-frontend/wavemaker-ng-runtime/libraries/core
------------------------------------------------------------------------------

Build at: 2025-10-22T06:19:32.724Z - Time: 1530ms

Building Angular Package

------------------------------------------------------------------------------
Building entry point '@wm/transpiler'
------------------------------------------------------------------------------
- Compiling with Angular sources in partial compilation mode.
✖ Compiling with Angular sources in partial compilation mode.
[96mprojects/transpiler/src/build.ts[0m:[93m368[0m:[93m74[0m - [91merror[0m[90m TS2554: [0mExpected 9-10 arguments, but got 6.

[7m368[0m                     const showInDeviceContainer:any = showInDeviceAttr ? new Element('ng-container', [], [], noSpan, noSpan, noSpan) : '';
[7m   [0m [91m                                                                         ~~~~~~~~~~~~~~~~~~~~~~~~~~~~~~~~~~~~~~~~~~~~~~~~~~~~~~~~~~~[0m

  [96mnode_modules/@angular/compiler/index.d.ts[0m:[93m614[0m:[93m153[0m
    [7m614[0m     constructor(name: string, attrs: Attribute[], directives: Directive$1[], children: Node$1[], isSelfClosing: boolean, sourceSpan: ParseSourceSpan$1, startSourceSpan: ParseSourceSpan$1, endSourceSpan: (ParseSourceSpan$1 | null) | undefined, isVoid: boolean, i18n?: I18nMeta$1);
    [7m   [0m [96m                                                                                                                                                        ~~~~~~~~~~~~~~~~~~~~~~~~~~~~~~~~~~[0m
    An argument for 'startSourceSpan' was not provided.
[96mprojects/transpiler/src/build.ts[0m:[93m369[0m:[93m72[0m - [91merror[0m[90m TS2554: [0mExpected 9-10 arguments, but got 6.

[7m369[0m                     const accessRolesContainer:any = accessRolesAttr ? new Element('ng-container', [], [], noSpan, noSpan, noSpan) : '';
[7m   [0m [91m                                                                       ~~~~~~~~~~~~~~~~~~~~~~~~~~~~~~~~~~~~~~~~~~~~~~~~~~~~~~~~~~~[0m

  [96mnode_modules/@angular/compiler/index.d.ts[0m:[93m614[0m:[93m153[0m
    [7m614[0m     constructor(name: string, attrs: Attribute[], directives: Directive$1[], children: Node$1[], isSelfClosing: boolean, sourceSpan: ParseSourceSpan$1, startSourceSpan: ParseSourceSpan$1, endSourceSpan: (ParseSourceSpan$1 | null) | undefined, isVoid: boolean, i18n?: I18nMeta$1);
    [7m   [0m [96m                                                                                                                                                        ~~~~~~~~~~~~~~~~~~~~~~~~~~~~~~~~~~[0m
    An argument for 'startSourceSpan' was not provided.
[96mprojects/transpiler/src/build.ts[0m:[93m370[0m:[93m68[0m - [91merror[0m[90m TS2554: [0mExpected 9-10 arguments, but got 6.

[7m370[0m                     const deferLoadContainer:any = deferLoadAttr ? new Element('ng-container', [], [], noSpan, noSpan, noSpan) : '';
[7m   [0m [91m                                                                   ~~~~~~~~~~~~~~~~~~~~~~~~~~~~~~~~~~~~~~~~~~~~~~~~~~~~~~~~~~~[0m

  [96mnode_modules/@angular/compiler/index.d.ts[0m:[93m614[0m:[93m153[0m
    [7m614[0m     constructor(name: string, attrs: Attribute[], directives: Directive$1[], children: Node$1[], isSelfClosing: boolean, sourceSpan: ParseSourceSpan$1, startSourceSpan: ParseSourceSpan$1, endSourceSpan: (ParseSourceSpan$1 | null) | undefined, isVoid: boolean, i18n?: I18nMeta$1);
    [7m   [0m [96m                                                                                                                                                        ~~~~~~~~~~~~~~~~~~~~~~~~~~~~~~~~~~[0m
    An argument for 'startSourceSpan' was not provided.

Building Angular Package

------------------------------------------------------------------------------
Building entry point '@wm/swipey'
------------------------------------------------------------------------------
- Compiling with Angular sources in partial compilation mode.
✔ Compiling with Angular sources in partial compilation mode.
✔ Generating FESM and DTS bundles
- Copying assets
✔ Copying assets
- Writing package manifest
✔ Writing package manifest
✔ Built @wm/swipey

------------------------------------------------------------------------------
Built Angular Package
- from: /Users/bhargavig_500297/projects/wavemaker-studio-frontend/wavemaker-ng-runtime/projects/swipey
- to:   /Users/bhargavig_500297/projects/wavemaker-studio-frontend/wavemaker-ng-runtime/libraries/swipey
------------------------------------------------------------------------------

Build at: 2025-10-22T06:19:35.119Z - Time: 568ms

Building Angular Package

------------------------------------------------------------------------------
Building entry point '@wm/http'
------------------------------------------------------------------------------
- Compiling with Angular sources in partial compilation mode.
✔ Compiling with Angular sources in partial compilation mode.
✔ Generating FESM and DTS bundles
- Copying assets
✔ Copying assets
- Writing package manifest
✔ Writing package manifest
✔ Built @wm/http

------------------------------------------------------------------------------
Built Angular Package
- from: /Users/bhargavig_500297/projects/wavemaker-studio-frontend/wavemaker-ng-runtime/projects/http-service
- to:   /Users/bhargavig_500297/projects/wavemaker-studio-frontend/wavemaker-ng-runtime/libraries/http
------------------------------------------------------------------------------

Build at: 2025-10-22T06:19:37.001Z - Time: 1402ms

Building Angular Package

------------------------------------------------------------------------------
Building entry point '@wm/oAuth'
------------------------------------------------------------------------------
- Compiling with Angular sources in partial compilation mode.
✔ Compiling with Angular sources in partial compilation mode.
✔ Generating FESM and DTS bundles
- Copying assets
✔ Copying assets
- Writing package manifest
✔ Writing package manifest
✔ Built @wm/oAuth

------------------------------------------------------------------------------
Built Angular Package
- from: /Users/bhargavig_500297/projects/wavemaker-studio-frontend/wavemaker-ng-runtime/projects/oAuth
- to:   /Users/bhargavig_500297/projects/wavemaker-studio-frontend/wavemaker-ng-runtime/libraries/oAuth
------------------------------------------------------------------------------

Build at: 2025-10-22T06:19:38.883Z - Time: 1245ms

Building Angular Package

------------------------------------------------------------------------------
Building entry point '@wm/security'
------------------------------------------------------------------------------
- Compiling with Angular sources in partial compilation mode.
✔ Compiling with Angular sources in partial compilation mode.
✔ Generating FESM and DTS bundles
- Copying assets
✔ Copying assets
- Writing package manifest
✔ Writing package manifest
✔ Built @wm/security

------------------------------------------------------------------------------
Built Angular Package
- from: /Users/bhargavig_500297/projects/wavemaker-studio-frontend/wavemaker-ng-runtime/projects/security
- to:   /Users/bhargavig_500297/projects/wavemaker-studio-frontend/wavemaker-ng-runtime/libraries/security
------------------------------------------------------------------------------

Build at: 2025-10-22T06:19:40.611Z - Time: 1224ms

Building Angular Package

------------------------------------------------------------------------------
Building entry point '@wm/variables'
------------------------------------------------------------------------------
- Compiling with Angular sources in partial compilation mode.
✔ Compiling with Angular sources in partial compilation mode.
✔ Generating FESM and DTS bundles
- Copying assets
✔ Copying assets
- Writing package manifest
✔ Writing package manifest
✔ Built @wm/variables

------------------------------------------------------------------------------
Built Angular Package
- from: /Users/bhargavig_500297/projects/wavemaker-studio-frontend/wavemaker-ng-runtime/projects/variables
- to:   /Users/bhargavig_500297/projects/wavemaker-studio-frontend/wavemaker-ng-runtime/libraries/variables
------------------------------------------------------------------------------

Build at: 2025-10-22T06:19:42.859Z - Time: 1722ms

Building Angular Package

------------------------------------------------------------------------------
Building entry point '@wm/components/base'
------------------------------------------------------------------------------
- Compiling with Angular sources in full compilation mode.
✔ Compiling with Angular sources in full compilation mode.
✔ Generating FESM and DTS bundles
- Copying assets
✔ Copying assets
- Writing package manifest
✔ Writing package manifest
✔ Built @wm/components/base

------------------------------------------------------------------------------
Built Angular Package
- from: /Users/bhargavig_500297/projects/wavemaker-studio-frontend/wavemaker-ng-runtime/projects/components/base
- to:   /Users/bhargavig_500297/projects/wavemaker-studio-frontend/wavemaker-ng-runtime/libraries/components/base
------------------------------------------------------------------------------

Build at: 2025-10-22T06:19:45.632Z - Time: 2207ms

Building Angular Package

------------------------------------------------------------------------------
Building entry point '@wm/components/input/button'
------------------------------------------------------------------------------
- Compiling with Angular sources in partial compilation mode.
✔ Compiling with Angular sources in partial compilation mode.
✔ Generating FESM and DTS bundles
- Copying assets
✔ Copying assets
- Writing package manifest
✔ Writing package manifest
✔ Built @wm/components/input/button

------------------------------------------------------------------------------
Built Angular Package
- from: /Users/bhargavig_500297/projects/wavemaker-studio-frontend/wavemaker-ng-runtime/projects/components/widgets/input/button
- to:   /Users/bhargavig_500297/projects/wavemaker-studio-frontend/wavemaker-ng-runtime/libraries/components/input/button
------------------------------------------------------------------------------

Build at: 2025-10-22T06:19:47.579Z - Time: 1364ms

Building Angular Package

------------------------------------------------------------------------------
Building entry point '@wm/components/input/base-form'
------------------------------------------------------------------------------
- Compiling with Angular sources in partial compilation mode.
✔ Compiling with Angular sources in partial compilation mode.
WARNING: libraries/components/input/base-form/tmp-esm2022/base-form.component.js (38:30): Use of eval in "libraries/components/input/base-form/tmp-esm2022/base-form.component.js" is strongly discouraged as it poses security risks and may cause issues with minification.
✔ Generating FESM and DTS bundles
- Copying assets
✔ Copying assets
- Writing package manifest
✔ Writing package manifest
✔ Built @wm/components/input/base-form

------------------------------------------------------------------------------
Built Angular Package
- from: /Users/bhargavig_500297/projects/wavemaker-studio-frontend/wavemaker-ng-runtime/projects/components/widgets/input/base-form
- to:   /Users/bhargavig_500297/projects/wavemaker-studio-frontend/wavemaker-ng-runtime/libraries/components/input/base-form
------------------------------------------------------------------------------

Build at: 2025-10-22T06:19:49.435Z - Time: 1351ms

Building Angular Package

------------------------------------------------------------------------------
Building entry point '@wm/components/input/base-form-custom'
------------------------------------------------------------------------------
- Compiling with Angular sources in partial compilation mode.
✔ Compiling with Angular sources in partial compilation mode.
✔ Generating FESM and DTS bundles
- Copying assets
✔ Copying assets
- Writing package manifest
✔ Writing package manifest
✔ Built @wm/components/input/base-form-custom

------------------------------------------------------------------------------
Built Angular Package
- from: /Users/bhargavig_500297/projects/wavemaker-studio-frontend/wavemaker-ng-runtime/projects/components/widgets/input/base-form-custom
- to:   /Users/bhargavig_500297/projects/wavemaker-studio-frontend/wavemaker-ng-runtime/libraries/components/input/base-form-custom
------------------------------------------------------------------------------

Build at: 2025-10-22T06:19:51.320Z - Time: 1382ms

Building Angular Package

------------------------------------------------------------------------------
Building entry point '@wm/components/input/dataset-aware-form'
------------------------------------------------------------------------------
- Compiling with Angular sources in partial compilation mode.
✔ Compiling with Angular sources in partial compilation mode.
✔ Generating FESM and DTS bundles
- Copying assets
✔ Copying assets
- Writing package manifest
✔ Writing package manifest
✔ Built @wm/components/input/dataset-aware-form

------------------------------------------------------------------------------
Built Angular Package
- from: /Users/bhargavig_500297/projects/wavemaker-studio-frontend/wavemaker-ng-runtime/projects/components/widgets/input/dataset-aware-form
- to:   /Users/bhargavig_500297/projects/wavemaker-studio-frontend/wavemaker-ng-runtime/libraries/components/input/dataset-aware-form
------------------------------------------------------------------------------

Build at: 2025-10-22T06:19:53.308Z - Time: 1483ms

Building Angular Package

------------------------------------------------------------------------------
Building entry point '@wm/components/input/text'
------------------------------------------------------------------------------
- Compiling with Angular sources in partial compilation mode.
✔ Compiling with Angular sources in partial compilation mode.
✔ Generating FESM and DTS bundles
- Copying assets
✔ Copying assets
- Writing package manifest
✔ Writing package manifest
✔ Built @wm/components/input/text

------------------------------------------------------------------------------
Built Angular Package
- from: /Users/bhargavig_500297/projects/wavemaker-studio-frontend/wavemaker-ng-runtime/projects/components/widgets/input/text
- to:   /Users/bhargavig_500297/projects/wavemaker-studio-frontend/wavemaker-ng-runtime/libraries/components/input/text
------------------------------------------------------------------------------

Build at: 2025-10-22T06:19:55.670Z - Time: 1830ms

Building Angular Package

------------------------------------------------------------------------------
Building entry point '@wm/components/input/button-group'
------------------------------------------------------------------------------
- Compiling with Angular sources in partial compilation mode.
✔ Compiling with Angular sources in partial compilation mode.
✔ Generating FESM and DTS bundles
- Copying assets
✔ Copying assets
- Writing package manifest
✔ Writing package manifest
✔ Built @wm/components/input/button-group

------------------------------------------------------------------------------
Built Angular Package
- from: /Users/bhargavig_500297/projects/wavemaker-studio-frontend/wavemaker-ng-runtime/projects/components/widgets/input/button-group
- to:   /Users/bhargavig_500297/projects/wavemaker-studio-frontend/wavemaker-ng-runtime/libraries/components/input/button-group
------------------------------------------------------------------------------

Build at: 2025-10-22T06:19:57.549Z - Time: 1298ms

Building Angular Package

------------------------------------------------------------------------------
Building entry point '@wm/components/input/caption-position'
------------------------------------------------------------------------------
- Compiling with Angular sources in partial compilation mode.
✔ Compiling with Angular sources in partial compilation mode.
✔ Generating FESM and DTS bundles
- Copying assets
✔ Copying assets
- Writing package manifest
✔ Writing package manifest
✔ Built @wm/components/input/caption-position

------------------------------------------------------------------------------
Built Angular Package
- from: /Users/bhargavig_500297/projects/wavemaker-studio-frontend/wavemaker-ng-runtime/projects/components/widgets/input/caption-position
- to:   /Users/bhargavig_500297/projects/wavemaker-studio-frontend/wavemaker-ng-runtime/libraries/components/input/caption-position
------------------------------------------------------------------------------

Build at: 2025-10-22T06:19:59.385Z - Time: 1315ms

Building Angular Package

------------------------------------------------------------------------------
Building entry point '@wm/components/input/checkbox'
------------------------------------------------------------------------------
- Compiling with Angular sources in partial compilation mode.
✔ Compiling with Angular sources in partial compilation mode.
✔ Generating FESM and DTS bundles
- Copying assets
✔ Copying assets
- Writing package manifest
✔ Writing package manifest
✔ Built @wm/components/input/checkbox

------------------------------------------------------------------------------
Built Angular Package
- from: /Users/bhargavig_500297/projects/wavemaker-studio-frontend/wavemaker-ng-runtime/projects/components/widgets/input/checkbox
- to:   /Users/bhargavig_500297/projects/wavemaker-studio-frontend/wavemaker-ng-runtime/libraries/components/input/checkbox
------------------------------------------------------------------------------

Build at: 2025-10-22T06:20:01.358Z - Time: 1382ms

Building Angular Package

------------------------------------------------------------------------------
Building entry point '@wm/components/input/checkboxset'
------------------------------------------------------------------------------
- Compiling with Angular sources in partial compilation mode.
✔ Compiling with Angular sources in partial compilation mode.
✔ Generating FESM and DTS bundles
- Copying assets
✔ Copying assets
- Writing package manifest
✔ Writing package manifest
✔ Built @wm/components/input/checkboxset

------------------------------------------------------------------------------
Built Angular Package
- from: /Users/bhargavig_500297/projects/wavemaker-studio-frontend/wavemaker-ng-runtime/projects/components/widgets/input/checkboxset
- to:   /Users/bhargavig_500297/projects/wavemaker-studio-frontend/wavemaker-ng-runtime/libraries/components/input/checkboxset
------------------------------------------------------------------------------

Build at: 2025-10-22T06:20:03.393Z - Time: 1535ms

Building Angular Package

------------------------------------------------------------------------------
Building entry point '@wm/components/input/composite'
------------------------------------------------------------------------------
- Compiling with Angular sources in partial compilation mode.
✔ Compiling with Angular sources in partial compilation mode.
✔ Generating FESM and DTS bundles
- Copying assets
✔ Copying assets
- Writing package manifest
✔ Writing package manifest
✔ Built @wm/components/input/composite

------------------------------------------------------------------------------
Built Angular Package
- from: /Users/bhargavig_500297/projects/wavemaker-studio-frontend/wavemaker-ng-runtime/projects/components/widgets/input/composite
- to:   /Users/bhargavig_500297/projects/wavemaker-studio-frontend/wavemaker-ng-runtime/libraries/components/input/composite
------------------------------------------------------------------------------

Build at: 2025-10-22T06:20:05.228Z - Time: 1291ms

Building Angular Package

------------------------------------------------------------------------------
Building entry point '@wm/components/input/number'
------------------------------------------------------------------------------
- Compiling with Angular sources in partial compilation mode.
✔ Compiling with Angular sources in partial compilation mode.
✔ Generating FESM and DTS bundles
- Copying assets
✔ Copying assets
- Writing package manifest
✔ Writing package manifest
✔ Built @wm/components/input/number

------------------------------------------------------------------------------
Built Angular Package
- from: /Users/bhargavig_500297/projects/wavemaker-studio-frontend/wavemaker-ng-runtime/projects/components/widgets/input/number
- to:   /Users/bhargavig_500297/projects/wavemaker-studio-frontend/wavemaker-ng-runtime/libraries/components/input/number
------------------------------------------------------------------------------

Build at: 2025-10-22T06:20:07.383Z - Time: 1634ms

Building Angular Package

------------------------------------------------------------------------------
Building entry point '@wm/components/input/radioset'
------------------------------------------------------------------------------
- Compiling with Angular sources in partial compilation mode.
✔ Compiling with Angular sources in partial compilation mode.
✔ Generating FESM and DTS bundles
- Copying assets
✔ Copying assets
- Writing package manifest
✔ Writing package manifest
✔ Built @wm/components/input/radioset

------------------------------------------------------------------------------
Built Angular Package
- from: /Users/bhargavig_500297/projects/wavemaker-studio-frontend/wavemaker-ng-runtime/projects/components/widgets/input/radioset
- to:   /Users/bhargavig_500297/projects/wavemaker-studio-frontend/wavemaker-ng-runtime/libraries/components/input/radioset
------------------------------------------------------------------------------

Build at: 2025-10-22T06:20:09.342Z - Time: 1440ms

Building Angular Package

------------------------------------------------------------------------------
Building entry point '@wm/components/input/select'
------------------------------------------------------------------------------
- Compiling with Angular sources in partial compilation mode.
✔ Compiling with Angular sources in partial compilation mode.
✔ Generating FESM and DTS bundles
- Copying assets
✔ Copying assets
- Writing package manifest
✔ Writing package manifest
✔ Built @wm/components/input/select

------------------------------------------------------------------------------
Built Angular Package
- from: /Users/bhargavig_500297/projects/wavemaker-studio-frontend/wavemaker-ng-runtime/projects/components/widgets/input/select
- to:   /Users/bhargavig_500297/projects/wavemaker-studio-frontend/wavemaker-ng-runtime/libraries/components/input/select
------------------------------------------------------------------------------

Build at: 2025-10-22T06:20:11.294Z - Time: 1442ms

Building Angular Package

------------------------------------------------------------------------------
Building entry point '@wm/components/input/textarea'
------------------------------------------------------------------------------
- Compiling with Angular sources in partial compilation mode.
✔ Compiling with Angular sources in partial compilation mode.
✔ Generating FESM and DTS bundles
- Copying assets
✔ Copying assets
- Writing package manifest
✔ Writing package manifest
✔ Built @wm/components/input/textarea

------------------------------------------------------------------------------
Built Angular Package
- from: /Users/bhargavig_500297/projects/wavemaker-studio-frontend/wavemaker-ng-runtime/projects/components/widgets/input/textarea
- to:   /Users/bhargavig_500297/projects/wavemaker-studio-frontend/wavemaker-ng-runtime/libraries/components/input/textarea
------------------------------------------------------------------------------

Build at: 2025-10-22T06:20:13.620Z - Time: 1808ms

Building Angular Package

------------------------------------------------------------------------------
Building entry point '@wm/components/input/switch'
------------------------------------------------------------------------------
- Compiling with Angular sources in partial compilation mode.
✔ Compiling with Angular sources in partial compilation mode.
✔ Generating FESM and DTS bundles
- Copying assets
✔ Copying assets
- Writing package manifest
✔ Writing package manifest
✔ Built @wm/components/input/switch

------------------------------------------------------------------------------
Built Angular Package
- from: /Users/bhargavig_500297/projects/wavemaker-studio-frontend/wavemaker-ng-runtime/projects/components/widgets/input/switch
- to:   /Users/bhargavig_500297/projects/wavemaker-studio-frontend/wavemaker-ng-runtime/libraries/components/input/switch
------------------------------------------------------------------------------

Build at: 2025-10-22T06:20:16.186Z - Time: 1811ms

Building Angular Package

------------------------------------------------------------------------------
Building entry point '@wm/components/basic/anchor'
------------------------------------------------------------------------------
- Compiling with Angular sources in partial compilation mode.
✔ Compiling with Angular sources in partial compilation mode.
✔ Generating FESM and DTS bundles
- Copying assets
✔ Copying assets
- Writing package manifest
✔ Writing package manifest
✔ Built @wm/components/basic/anchor

------------------------------------------------------------------------------
Built Angular Package
- from: /Users/bhargavig_500297/projects/wavemaker-studio-frontend/wavemaker-ng-runtime/projects/components/widgets/basic/anchor
- to:   /Users/bhargavig_500297/projects/wavemaker-studio-frontend/wavemaker-ng-runtime/libraries/components/basic/anchor
------------------------------------------------------------------------------

Build at: 2025-10-22T06:20:18.156Z - Time: 1392ms

Building Angular Package

------------------------------------------------------------------------------
Building entry point '@wm/components/basic/audio'
------------------------------------------------------------------------------
- Compiling with Angular sources in partial compilation mode.
✔ Compiling with Angular sources in partial compilation mode.
✔ Generating FESM and DTS bundles
- Copying assets
✔ Copying assets
- Writing package manifest
✔ Writing package manifest
✔ Built @wm/components/basic/audio

------------------------------------------------------------------------------
Built Angular Package
- from: /Users/bhargavig_500297/projects/wavemaker-studio-frontend/wavemaker-ng-runtime/projects/components/widgets/basic/audio
- to:   /Users/bhargavig_500297/projects/wavemaker-studio-frontend/wavemaker-ng-runtime/libraries/components/basic/audio
------------------------------------------------------------------------------

Build at: 2025-10-22T06:20:20.065Z - Time: 1414ms

Building Angular Package

------------------------------------------------------------------------------
Building entry point '@wm/components/basic/html'
------------------------------------------------------------------------------
- Compiling with Angular sources in partial compilation mode.
✔ Compiling with Angular sources in partial compilation mode.
✔ Generating FESM and DTS bundles
- Copying assets
✔ Copying assets
- Writing package manifest
✔ Writing package manifest
✔ Built @wm/components/basic/html

------------------------------------------------------------------------------
Built Angular Package
- from: /Users/bhargavig_500297/projects/wavemaker-studio-frontend/wavemaker-ng-runtime/projects/components/widgets/basic/html
- to:   /Users/bhargavig_500297/projects/wavemaker-studio-frontend/wavemaker-ng-runtime/libraries/components/basic/html
------------------------------------------------------------------------------

Build at: 2025-10-22T06:20:21.884Z - Time: 1298ms

Building Angular Package

------------------------------------------------------------------------------
Building entry point '@wm/components/basic/icon'
------------------------------------------------------------------------------
- Compiling with Angular sources in partial compilation mode.
✔ Compiling with Angular sources in partial compilation mode.
✔ Generating FESM and DTS bundles
- Copying assets
✔ Copying assets
- Writing package manifest
✔ Writing package manifest
✔ Built @wm/components/basic/icon

------------------------------------------------------------------------------
Built Angular Package
- from: /Users/bhargavig_500297/projects/wavemaker-studio-frontend/wavemaker-ng-runtime/projects/components/widgets/basic/icon
- to:   /Users/bhargavig_500297/projects/wavemaker-studio-frontend/wavemaker-ng-runtime/libraries/components/basic/icon
------------------------------------------------------------------------------

Build at: 2025-10-22T06:20:23.844Z - Time: 1425ms

Building Angular Package

------------------------------------------------------------------------------
Building entry point '@wm/components/basic/iframe'
------------------------------------------------------------------------------
- Compiling with Angular sources in partial compilation mode.
✔ Compiling with Angular sources in partial compilation mode.
✔ Generating FESM and DTS bundles
- Copying assets
✔ Copying assets
- Writing package manifest
✔ Writing package manifest
✔ Built @wm/components/basic/iframe

------------------------------------------------------------------------------
Built Angular Package
- from: /Users/bhargavig_500297/projects/wavemaker-studio-frontend/wavemaker-ng-runtime/projects/components/widgets/basic/iframe
- to:   /Users/bhargavig_500297/projects/wavemaker-studio-frontend/wavemaker-ng-runtime/libraries/components/basic/iframe
------------------------------------------------------------------------------

Build at: 2025-10-22T06:20:25.681Z - Time: 1337ms

Building Angular Package

------------------------------------------------------------------------------
Building entry point '@wm/components/basic/label'
------------------------------------------------------------------------------
- Compiling with Angular sources in partial compilation mode.
✔ Compiling with Angular sources in partial compilation mode.
✔ Generating FESM and DTS bundles
- Copying assets
✔ Copying assets
- Writing package manifest
✔ Writing package manifest
✔ Built @wm/components/basic/label

------------------------------------------------------------------------------
Built Angular Package
- from: /Users/bhargavig_500297/projects/wavemaker-studio-frontend/wavemaker-ng-runtime/projects/components/widgets/basic/label
- to:   /Users/bhargavig_500297/projects/wavemaker-studio-frontend/wavemaker-ng-runtime/libraries/components/basic/label
------------------------------------------------------------------------------

Build at: 2025-10-22T06:20:27.628Z - Time: 1441ms

Building Angular Package

------------------------------------------------------------------------------
Building entry point '@wm/components/basic/picture'
------------------------------------------------------------------------------
- Compiling with Angular sources in partial compilation mode.
✔ Compiling with Angular sources in partial compilation mode.
✔ Generating FESM and DTS bundles
- Copying assets
✔ Copying assets
- Writing package manifest
✔ Writing package manifest
✔ Built @wm/components/basic/picture

------------------------------------------------------------------------------
Built Angular Package
- from: /Users/bhargavig_500297/projects/wavemaker-studio-frontend/wavemaker-ng-runtime/projects/components/widgets/basic/picture
- to:   /Users/bhargavig_500297/projects/wavemaker-studio-frontend/wavemaker-ng-runtime/libraries/components/basic/picture
------------------------------------------------------------------------------

Build at: 2025-10-22T06:20:29.443Z - Time: 1301ms

Building Angular Package

------------------------------------------------------------------------------
Building entry point '@wm/components/basic/spinner'
------------------------------------------------------------------------------
- Compiling with Angular sources in partial compilation mode.
✔ Compiling with Angular sources in partial compilation mode.
✔ Generating FESM and DTS bundles
- Copying assets
✔ Copying assets
- Writing package manifest
✔ Writing package manifest
✔ Built @wm/components/basic/spinner

------------------------------------------------------------------------------
Built Angular Package
- from: /Users/bhargavig_500297/projects/wavemaker-studio-frontend/wavemaker-ng-runtime/projects/components/widgets/basic/spinner
- to:   /Users/bhargavig_500297/projects/wavemaker-studio-frontend/wavemaker-ng-runtime/libraries/components/basic/spinner
------------------------------------------------------------------------------

Build at: 2025-10-22T06:20:31.373Z - Time: 1414ms

Building Angular Package

------------------------------------------------------------------------------
Building entry point '@wm/components/basic/video'
------------------------------------------------------------------------------
- Compiling with Angular sources in partial compilation mode.
✔ Compiling with Angular sources in partial compilation mode.
✔ Generating FESM and DTS bundles
- Copying assets
✔ Copying assets
- Writing package manifest
✔ Writing package manifest
✔ Built @wm/components/basic/video

------------------------------------------------------------------------------
Built Angular Package
- from: /Users/bhargavig_500297/projects/wavemaker-studio-frontend/wavemaker-ng-runtime/projects/components/widgets/basic/video
- to:   /Users/bhargavig_500297/projects/wavemaker-studio-frontend/wavemaker-ng-runtime/libraries/components/basic/video
------------------------------------------------------------------------------

Build at: 2025-10-22T06:20:33.255Z - Time: 1369ms

Building Angular Package

------------------------------------------------------------------------------
Building entry point '@wm/components/basic/progress/progress-utils'
------------------------------------------------------------------------------
- Compiling with Angular sources in partial compilation mode.
✔ Compiling with Angular sources in partial compilation mode.
✔ Generating FESM and DTS bundles
- Copying assets
✔ Copying assets
- Writing package manifest
✔ Writing package manifest
✔ Built @wm/components/basic/progress/progress-utils

------------------------------------------------------------------------------
Built Angular Package
- from: /Users/bhargavig_500297/projects/wavemaker-studio-frontend/wavemaker-ng-runtime/projects/components/widgets/basic/progress/progress-utils
- to:   /Users/bhargavig_500297/projects/wavemaker-studio-frontend/wavemaker-ng-runtime/libraries/components/basic/progress/progress-utils
------------------------------------------------------------------------------

Build at: 2025-10-22T06:20:35.138Z - Time: 1300ms

Building Angular Package

------------------------------------------------------------------------------
Building entry point '@wm/components/basic/progress/progress-bar'
------------------------------------------------------------------------------
- Compiling with Angular sources in partial compilation mode.
✔ Compiling with Angular sources in partial compilation mode.
✔ Generating FESM and DTS bundles
- Copying assets
✔ Copying assets
- Writing package manifest
✔ Writing package manifest
✔ Built @wm/components/basic/progress/progress-bar

------------------------------------------------------------------------------
Built Angular Package
- from: /Users/bhargavig_500297/projects/wavemaker-studio-frontend/wavemaker-ng-runtime/projects/components/widgets/basic/progress/progress-bar
- to:   /Users/bhargavig_500297/projects/wavemaker-studio-frontend/wavemaker-ng-runtime/libraries/components/basic/progress/progress-bar
------------------------------------------------------------------------------

Build at: 2025-10-22T06:20:37.347Z - Time: 1689ms

Building Angular Package

------------------------------------------------------------------------------
Building entry point '@wm/components/basic/progress/progress-circle'
------------------------------------------------------------------------------
- Compiling with Angular sources in partial compilation mode.
✔ Compiling with Angular sources in partial compilation mode.
✔ Generating FESM and DTS bundles
- Copying assets
✔ Copying assets
- Writing package manifest
✔ Writing package manifest
✔ Built @wm/components/basic/progress/progress-circle

------------------------------------------------------------------------------
Built Angular Package
- from: /Users/bhargavig_500297/projects/wavemaker-studio-frontend/wavemaker-ng-runtime/projects/components/widgets/basic/progress/progress-circle
- to:   /Users/bhargavig_500297/projects/wavemaker-studio-frontend/wavemaker-ng-runtime/libraries/components/basic/progress/progress-circle
------------------------------------------------------------------------------

Build at: 2025-10-22T06:20:39.402Z - Time: 1495ms

Building Angular Package

------------------------------------------------------------------------------
Building entry point '@wm/components/basic/rich-text-editor'
------------------------------------------------------------------------------
- Compiling with Angular sources in partial compilation mode.
✔ Compiling with Angular sources in partial compilation mode.
✔ Generating FESM and DTS bundles
- Copying assets
✔ Copying assets
- Writing package manifest
✔ Writing package manifest
✔ Built @wm/components/basic/rich-text-editor

------------------------------------------------------------------------------
Built Angular Package
- from: /Users/bhargavig_500297/projects/wavemaker-studio-frontend/wavemaker-ng-runtime/projects/components/widgets/basic/rich-text-editor
- to:   /Users/bhargavig_500297/projects/wavemaker-studio-frontend/wavemaker-ng-runtime/libraries/components/basic/rich-text-editor
------------------------------------------------------------------------------

Build at: 2025-10-22T06:20:41.372Z - Time: 1465ms

Building Angular Package

------------------------------------------------------------------------------
Building entry point '@wm/components/basic/search'
------------------------------------------------------------------------------
- Compiling with Angular sources in partial compilation mode.
✔ Compiling with Angular sources in partial compilation mode.
✔ Generating FESM and DTS bundles
- Copying assets
✔ Copying assets
- Writing package manifest
✔ Writing package manifest
✔ Built @wm/components/basic/search

------------------------------------------------------------------------------
Built Angular Package
- from: /Users/bhargavig_500297/projects/wavemaker-studio-frontend/wavemaker-ng-runtime/projects/components/widgets/basic/search
- to:   /Users/bhargavig_500297/projects/wavemaker-studio-frontend/wavemaker-ng-runtime/libraries/components/basic/search
------------------------------------------------------------------------------

Build at: 2025-10-22T06:20:43.620Z - Time: 1674ms

Building Angular Package

------------------------------------------------------------------------------
Building entry point '@wm/components/basic/tree'
------------------------------------------------------------------------------
- Compiling with Angular sources in partial compilation mode.
✔ Compiling with Angular sources in partial compilation mode.
✔ Generating FESM and DTS bundles
- Copying assets
✔ Copying assets
- Writing package manifest
✔ Writing package manifest
✔ Built @wm/components/basic/tree

------------------------------------------------------------------------------
Built Angular Package
- from: /Users/bhargavig_500297/projects/wavemaker-studio-frontend/wavemaker-ng-runtime/projects/components/widgets/basic/tree
- to:   /Users/bhargavig_500297/projects/wavemaker-studio-frontend/wavemaker-ng-runtime/libraries/components/basic/tree
------------------------------------------------------------------------------

Build at: 2025-10-22T06:20:45.668Z - Time: 1516ms

Building Angular Package

------------------------------------------------------------------------------
Building entry point '@wm/components/input/calendar'
------------------------------------------------------------------------------
- Compiling with Angular sources in partial compilation mode.
✔ Compiling with Angular sources in partial compilation mode.
✔ Generating FESM and DTS bundles
- Copying assets
✔ Copying assets
- Writing package manifest
✔ Writing package manifest
✔ Built @wm/components/input/calendar

------------------------------------------------------------------------------
Built Angular Package
- from: /Users/bhargavig_500297/projects/wavemaker-studio-frontend/wavemaker-ng-runtime/projects/components/widgets/input/calendar
- to:   /Users/bhargavig_500297/projects/wavemaker-studio-frontend/wavemaker-ng-runtime/libraries/components/input/calendar
------------------------------------------------------------------------------

Build at: 2025-10-22T06:20:47.758Z - Time: 1584ms

Building Angular Package

------------------------------------------------------------------------------
Building entry point '@wm/components/input/chips'
------------------------------------------------------------------------------
- Compiling with Angular sources in partial compilation mode.
✔ Compiling with Angular sources in partial compilation mode.
✔ Generating FESM and DTS bundles
- Copying assets
✔ Copying assets
- Writing package manifest
✔ Writing package manifest
✔ Built @wm/components/input/chips

------------------------------------------------------------------------------
Built Angular Package
- from: /Users/bhargavig_500297/projects/wavemaker-studio-frontend/wavemaker-ng-runtime/projects/components/widgets/input/chips
- to:   /Users/bhargavig_500297/projects/wavemaker-studio-frontend/wavemaker-ng-runtime/libraries/components/input/chips
------------------------------------------------------------------------------

Build at: 2025-10-22T06:20:49.801Z - Time: 1536ms

Building Angular Package

------------------------------------------------------------------------------
Building entry point '@wm/components/input/color-picker'
------------------------------------------------------------------------------
- Compiling with Angular sources in partial compilation mode.
✔ Compiling with Angular sources in partial compilation mode.
✔ Generating FESM and DTS bundles
- Copying assets
✔ Copying assets
- Writing package manifest
✔ Writing package manifest
✔ Built @wm/components/input/color-picker

------------------------------------------------------------------------------
Built Angular Package
- from: /Users/bhargavig_500297/projects/wavemaker-studio-frontend/wavemaker-ng-runtime/projects/components/widgets/input/color-picker
- to:   /Users/bhargavig_500297/projects/wavemaker-studio-frontend/wavemaker-ng-runtime/libraries/components/input/color-picker
------------------------------------------------------------------------------

Build at: 2025-10-22T06:20:51.739Z - Time: 1444ms

Building Angular Package

------------------------------------------------------------------------------
Building entry point '@wm/components/input/currency'
------------------------------------------------------------------------------
- Compiling with Angular sources in partial compilation mode.
✔ Compiling with Angular sources in partial compilation mode.
✔ Generating FESM and DTS bundles
- Copying assets
✔ Copying assets
- Writing package manifest
✔ Writing package manifest
✔ Built @wm/components/input/currency

------------------------------------------------------------------------------
Built Angular Package
- from: /Users/bhargavig_500297/projects/wavemaker-studio-frontend/wavemaker-ng-runtime/projects/components/widgets/input/currency
- to:   /Users/bhargavig_500297/projects/wavemaker-studio-frontend/wavemaker-ng-runtime/libraries/components/input/currency
------------------------------------------------------------------------------

Build at: 2025-10-22T06:20:53.856Z - Time: 1587ms

Building Angular Package

------------------------------------------------------------------------------
Building entry point '@wm/components/input/epoch/picker'
------------------------------------------------------------------------------
- Compiling with Angular sources in partial compilation mode.
✔ Compiling with Angular sources in partial compilation mode.
✔ Generating FESM and DTS bundles
- Copying assets
✔ Copying assets
- Writing package manifest
✔ Writing package manifest
✔ Built @wm/components/input/epoch/picker

------------------------------------------------------------------------------
Built Angular Package
- from: /Users/bhargavig_500297/projects/wavemaker-studio-frontend/wavemaker-ng-runtime/projects/components/widgets/input/epoch/picker
- to:   /Users/bhargavig_500297/projects/wavemaker-studio-frontend/wavemaker-ng-runtime/libraries/components/input/epoch/picker
------------------------------------------------------------------------------

Build at: 2025-10-22T06:20:55.472Z - Time: 1099ms

Building Angular Package

------------------------------------------------------------------------------
Building entry point '@wm/components/input/epoch/date-time-picker'
------------------------------------------------------------------------------
- Compiling with Angular sources in partial compilation mode.
✔ Compiling with Angular sources in partial compilation mode.
✔ Generating FESM and DTS bundles
- Copying assets
✔ Copying assets
- Writing package manifest
✔ Writing package manifest
✔ Built @wm/components/input/epoch/date-time-picker

------------------------------------------------------------------------------
Built Angular Package
- from: /Users/bhargavig_500297/projects/wavemaker-studio-frontend/wavemaker-ng-runtime/projects/components/widgets/input/epoch/date-time-picker
- to:   /Users/bhargavig_500297/projects/wavemaker-studio-frontend/wavemaker-ng-runtime/libraries/components/input/epoch/date-time-picker
------------------------------------------------------------------------------

Build at: 2025-10-22T06:20:57.503Z - Time: 1521ms

Building Angular Package

------------------------------------------------------------------------------
Building entry point '@wm/components/input/epoch/base-date-time'
------------------------------------------------------------------------------
- Compiling with Angular sources in partial compilation mode.
✔ Compiling with Angular sources in partial compilation mode.
✔ Generating FESM and DTS bundles
- Copying assets
✔ Copying assets
- Writing package manifest
✔ Writing package manifest
✔ Built @wm/components/input/epoch/base-date-time

------------------------------------------------------------------------------
Built Angular Package
- from: /Users/bhargavig_500297/projects/wavemaker-studio-frontend/wavemaker-ng-runtime/projects/components/widgets/input/epoch/base-date-time
- to:   /Users/bhargavig_500297/projects/wavemaker-studio-frontend/wavemaker-ng-runtime/libraries/components/input/epoch/base-date-time
------------------------------------------------------------------------------

Build at: 2025-10-22T06:20:59.553Z - Time: 1552ms

Building Angular Package

------------------------------------------------------------------------------
Building entry point '@wm/components/input/epoch/date'
------------------------------------------------------------------------------
- Compiling with Angular sources in partial compilation mode.
✔ Compiling with Angular sources in partial compilation mode.
✔ Generating FESM and DTS bundles
- Copying assets
✔ Copying assets
- Writing package manifest
✔ Writing package manifest
✔ Built @wm/components/input/epoch/date

------------------------------------------------------------------------------
Built Angular Package
- from: /Users/bhargavig_500297/projects/wavemaker-studio-frontend/wavemaker-ng-runtime/projects/components/widgets/input/epoch/date
- to:   /Users/bhargavig_500297/projects/wavemaker-studio-frontend/wavemaker-ng-runtime/libraries/components/input/epoch/date
------------------------------------------------------------------------------

Build at: 2025-10-22T06:21:01.847Z - Time: 1787ms

Building Angular Package

------------------------------------------------------------------------------
Building entry point '@wm/components/input/epoch/date-time'
------------------------------------------------------------------------------
- Compiling with Angular sources in partial compilation mode.
✔ Compiling with Angular sources in partial compilation mode.
✔ Generating FESM and DTS bundles
- Copying assets
✔ Copying assets
- Writing package manifest
✔ Writing package manifest
✔ Built @wm/components/input/epoch/date-time

------------------------------------------------------------------------------
Built Angular Package
- from: /Users/bhargavig_500297/projects/wavemaker-studio-frontend/wavemaker-ng-runtime/projects/components/widgets/input/epoch/date-time
- to:   /Users/bhargavig_500297/projects/wavemaker-studio-frontend/wavemaker-ng-runtime/libraries/components/input/epoch/date-time
------------------------------------------------------------------------------

Build at: 2025-10-22T06:21:04.135Z - Time: 1688ms

Building Angular Package

------------------------------------------------------------------------------
Building entry point '@wm/components/input/epoch/time'
------------------------------------------------------------------------------
- Compiling with Angular sources in partial compilation mode.
✔ Compiling with Angular sources in partial compilation mode.
✔ Generating FESM and DTS bundles
- Copying assets
✔ Copying assets
- Writing package manifest
✔ Writing package manifest
✔ Built @wm/components/input/epoch/time

------------------------------------------------------------------------------
Built Angular Package
- from: /Users/bhargavig_500297/projects/wavemaker-studio-frontend/wavemaker-ng-runtime/projects/components/widgets/input/epoch/time
- to:   /Users/bhargavig_500297/projects/wavemaker-studio-frontend/wavemaker-ng-runtime/libraries/components/input/epoch/time
------------------------------------------------------------------------------

Build at: 2025-10-22T06:21:06.198Z - Time: 1554ms

Building Angular Package

------------------------------------------------------------------------------
Building entry point '@wm/components/input/file-upload'
------------------------------------------------------------------------------
- Compiling with Angular sources in partial compilation mode.
✔ Compiling with Angular sources in partial compilation mode.
✔ Generating FESM and DTS bundles
- Copying assets
✔ Copying assets
- Writing package manifest
✔ Writing package manifest
✔ Built @wm/components/input/file-upload

------------------------------------------------------------------------------
Built Angular Package
- from: /Users/bhargavig_500297/projects/wavemaker-studio-frontend/wavemaker-ng-runtime/projects/components/widgets/input/file-upload
- to:   /Users/bhargavig_500297/projects/wavemaker-studio-frontend/wavemaker-ng-runtime/libraries/components/input/file-upload
------------------------------------------------------------------------------

Build at: 2025-10-22T06:21:08.201Z - Time: 1497ms

Building Angular Package

------------------------------------------------------------------------------
Building entry point '@wm/components/input/rating'
------------------------------------------------------------------------------
- Compiling with Angular sources in partial compilation mode.
✔ Compiling with Angular sources in partial compilation mode.
✔ Generating FESM and DTS bundles
- Copying assets
✔ Copying assets
- Writing package manifest
✔ Writing package manifest
✔ Built @wm/components/input/rating

------------------------------------------------------------------------------
Built Angular Package
- from: /Users/bhargavig_500297/projects/wavemaker-studio-frontend/wavemaker-ng-runtime/projects/components/widgets/input/rating
- to:   /Users/bhargavig_500297/projects/wavemaker-studio-frontend/wavemaker-ng-runtime/libraries/components/input/rating
------------------------------------------------------------------------------

Build at: 2025-10-22T06:21:10.258Z - Time: 1562ms

Building Angular Package

------------------------------------------------------------------------------
Building entry point '@wm/components/input/slider'
------------------------------------------------------------------------------
- Compiling with Angular sources in partial compilation mode.
✔ Compiling with Angular sources in partial compilation mode.
✔ Generating FESM and DTS bundles
- Copying assets
✔ Copying assets
- Writing package manifest
✔ Writing package manifest
✔ Built @wm/components/input/slider

------------------------------------------------------------------------------
Built Angular Package
- from: /Users/bhargavig_500297/projects/wavemaker-studio-frontend/wavemaker-ng-runtime/projects/components/widgets/input/slider
- to:   /Users/bhargavig_500297/projects/wavemaker-studio-frontend/wavemaker-ng-runtime/libraries/components/input/slider
------------------------------------------------------------------------------

Build at: 2025-10-22T06:21:12.242Z - Time: 1473ms

Building Angular Package

------------------------------------------------------------------------------
Building entry point '@wm/components/chart'
------------------------------------------------------------------------------
- Compiling with Angular sources in partial compilation mode.
✔ Compiling with Angular sources in partial compilation mode.
✔ Generating FESM and DTS bundles
- Copying assets
✔ Copying assets
- Writing package manifest
✔ Writing package manifest
✔ Built @wm/components/chart

------------------------------------------------------------------------------
Built Angular Package
- from: /Users/bhargavig_500297/projects/wavemaker-studio-frontend/wavemaker-ng-runtime/projects/components/widgets/chart
- to:   /Users/bhargavig_500297/projects/wavemaker-studio-frontend/wavemaker-ng-runtime/libraries/components/chart
------------------------------------------------------------------------------

Build at: 2025-10-22T06:21:14.797Z - Time: 2047ms

Building Angular Package

------------------------------------------------------------------------------
Building entry point '@wm/components/navigation/menu'
------------------------------------------------------------------------------
- Compiling with Angular sources in partial compilation mode.
✔ Compiling with Angular sources in partial compilation mode.
✔ Generating FESM and DTS bundles
- Copying assets
✔ Copying assets
- Writing package manifest
✔ Writing package manifest
✔ Built @wm/components/navigation/menu

------------------------------------------------------------------------------
Built Angular Package
- from: /Users/bhargavig_500297/projects/wavemaker-studio-frontend/wavemaker-ng-runtime/projects/components/widgets/navigation/menu
- to:   /Users/bhargavig_500297/projects/wavemaker-studio-frontend/wavemaker-ng-runtime/libraries/components/navigation/menu
------------------------------------------------------------------------------

Build at: 2025-10-22T06:21:16.932Z - Time: 1612ms

Building Angular Package

------------------------------------------------------------------------------
Building entry point '@wm/components/navigation/navbar'
------------------------------------------------------------------------------
- Compiling with Angular sources in partial compilation mode.
✔ Compiling with Angular sources in partial compilation mode.
✔ Generating FESM and DTS bundles
- Copying assets
✔ Copying assets
- Writing package manifest
✔ Writing package manifest
✔ Built @wm/components/navigation/navbar

------------------------------------------------------------------------------
Built Angular Package
- from: /Users/bhargavig_500297/projects/wavemaker-studio-frontend/wavemaker-ng-runtime/projects/components/widgets/navigation/navbar
- to:   /Users/bhargavig_500297/projects/wavemaker-studio-frontend/wavemaker-ng-runtime/libraries/components/navigation/navbar
------------------------------------------------------------------------------

Build at: 2025-10-22T06:21:18.923Z - Time: 1473ms

Building Angular Package

------------------------------------------------------------------------------
Building entry point '@wm/components/navigation/breadcrumb'
------------------------------------------------------------------------------
- Compiling with Angular sources in partial compilation mode.
✔ Compiling with Angular sources in partial compilation mode.
✔ Generating FESM and DTS bundles
- Copying assets
✔ Copying assets
- Writing package manifest
✔ Writing package manifest
✔ Built @wm/components/navigation/breadcrumb

------------------------------------------------------------------------------
Built Angular Package
- from: /Users/bhargavig_500297/projects/wavemaker-studio-frontend/wavemaker-ng-runtime/projects/components/widgets/navigation/breadcrumb
- to:   /Users/bhargavig_500297/projects/wavemaker-studio-frontend/wavemaker-ng-runtime/libraries/components/navigation/breadcrumb
------------------------------------------------------------------------------

Build at: 2025-10-22T06:21:21.381Z - Time: 1755ms

Building Angular Package

------------------------------------------------------------------------------
Building entry point '@wm/components/navigation/popover'
------------------------------------------------------------------------------
- Compiling with Angular sources in partial compilation mode.
✔ Compiling with Angular sources in partial compilation mode.
✔ Generating FESM and DTS bundles
- Copying assets
✔ Copying assets
- Writing package manifest
✔ Writing package manifest
✔ Built @wm/components/navigation/popover

------------------------------------------------------------------------------
Built Angular Package
- from: /Users/bhargavig_500297/projects/wavemaker-studio-frontend/wavemaker-ng-runtime/projects/components/widgets/navigation/popover
- to:   /Users/bhargavig_500297/projects/wavemaker-studio-frontend/wavemaker-ng-runtime/libraries/components/navigation/popover
------------------------------------------------------------------------------

Build at: 2025-10-22T06:21:25.383Z - Time: 3473ms

Building Angular Package

------------------------------------------------------------------------------
Building entry point '@wm/components/containers/accordion'
------------------------------------------------------------------------------
- Compiling with Angular sources in partial compilation mode.
✔ Compiling with Angular sources in partial compilation mode.
✔ Generating FESM and DTS bundles
- Copying assets
✔ Copying assets
- Writing package manifest
✔ Writing package manifest
✔ Built @wm/components/containers/accordion

------------------------------------------------------------------------------
Built Angular Package
- from: /Users/bhargavig_500297/projects/wavemaker-studio-frontend/wavemaker-ng-runtime/projects/components/widgets/containers/accordion
- to:   /Users/bhargavig_500297/projects/wavemaker-studio-frontend/wavemaker-ng-runtime/libraries/components/containers/accordion
------------------------------------------------------------------------------

Build at: 2025-10-22T06:21:29.828Z - Time: 3897ms

Building Angular Package

------------------------------------------------------------------------------
Building entry point '@wm/components/containers/linear-layout'
------------------------------------------------------------------------------
- Compiling with Angular sources in partial compilation mode.
✔ Compiling with Angular sources in partial compilation mode.
✔ Generating FESM and DTS bundles
- Copying assets
✔ Copying assets
- Writing package manifest
✔ Writing package manifest
✔ Built @wm/components/containers/linear-layout

------------------------------------------------------------------------------
Built Angular Package
- from: /Users/bhargavig_500297/projects/wavemaker-studio-frontend/wavemaker-ng-runtime/projects/components/widgets/containers/linear-layout
- to:   /Users/bhargavig_500297/projects/wavemaker-studio-frontend/wavemaker-ng-runtime/libraries/components/containers/linear-layout
------------------------------------------------------------------------------

Build at: 2025-10-22T06:21:32.031Z - Time: 1559ms

Building Angular Package

------------------------------------------------------------------------------
Building entry point '@wm/components/containers/layout-grid'
------------------------------------------------------------------------------
- Compiling with Angular sources in partial compilation mode.
✔ Compiling with Angular sources in partial compilation mode.
✔ Generating FESM and DTS bundles
- Copying assets
✔ Copying assets
- Writing package manifest
✔ Writing package manifest
✔ Built @wm/components/containers/layout-grid

------------------------------------------------------------------------------
Built Angular Package
- from: /Users/bhargavig_500297/projects/wavemaker-studio-frontend/wavemaker-ng-runtime/projects/components/widgets/containers/layout-grid
- to:   /Users/bhargavig_500297/projects/wavemaker-studio-frontend/wavemaker-ng-runtime/libraries/components/containers/layout-grid
------------------------------------------------------------------------------

Build at: 2025-10-22T06:21:34.854Z - Time: 2225ms

Building Angular Package

------------------------------------------------------------------------------
Building entry point '@wm/components/containers/panel'
------------------------------------------------------------------------------
- Compiling with Angular sources in partial compilation mode.
✔ Compiling with Angular sources in partial compilation mode.
✔ Generating FESM and DTS bundles
- Copying assets
✔ Copying assets
- Writing package manifest
✔ Writing package manifest
✔ Built @wm/components/containers/panel

------------------------------------------------------------------------------
Built Angular Package
- from: /Users/bhargavig_500297/projects/wavemaker-studio-frontend/wavemaker-ng-runtime/projects/components/widgets/containers/panel
- to:   /Users/bhargavig_500297/projects/wavemaker-studio-frontend/wavemaker-ng-runtime/libraries/components/containers/panel
------------------------------------------------------------------------------

Build at: 2025-10-22T06:21:37.221Z - Time: 1818ms

Building Angular Package

------------------------------------------------------------------------------
Building entry point '@wm/components/containers/tabs'
------------------------------------------------------------------------------
- Compiling with Angular sources in partial compilation mode.
✔ Compiling with Angular sources in partial compilation mode.
✔ Generating FESM and DTS bundles
- Copying assets
✔ Copying assets
- Writing package manifest
✔ Writing package manifest
✔ Built @wm/components/containers/tabs

------------------------------------------------------------------------------
Built Angular Package
- from: /Users/bhargavig_500297/projects/wavemaker-studio-frontend/wavemaker-ng-runtime/projects/components/widgets/containers/tabs
- to:   /Users/bhargavig_500297/projects/wavemaker-studio-frontend/wavemaker-ng-runtime/libraries/components/containers/tabs
------------------------------------------------------------------------------

Build at: 2025-10-22T06:21:39.643Z - Time: 1756ms

Building Angular Package

------------------------------------------------------------------------------
Building entry point '@wm/components/containers/tile'
------------------------------------------------------------------------------
- Compiling with Angular sources in partial compilation mode.
✔ Compiling with Angular sources in partial compilation mode.
✔ Generating FESM and DTS bundles
- Copying assets
✔ Copying assets
- Writing package manifest
✔ Writing package manifest
✔ Built @wm/components/containers/tile

------------------------------------------------------------------------------
Built Angular Package
- from: /Users/bhargavig_500297/projects/wavemaker-studio-frontend/wavemaker-ng-runtime/projects/components/widgets/containers/tile
- to:   /Users/bhargavig_500297/projects/wavemaker-studio-frontend/wavemaker-ng-runtime/libraries/components/containers/tile
------------------------------------------------------------------------------

Build at: 2025-10-22T06:21:41.635Z - Time: 1466ms

Building Angular Package

------------------------------------------------------------------------------
Building entry point '@wm/components/containers/wizard'
------------------------------------------------------------------------------
- Compiling with Angular sources in partial compilation mode.
✔ Compiling with Angular sources in partial compilation mode.
✔ Generating FESM and DTS bundles
- Copying assets
✔ Copying assets
- Writing package manifest
✔ Writing package manifest
✔ Built @wm/components/containers/wizard

------------------------------------------------------------------------------
Built Angular Package
- from: /Users/bhargavig_500297/projects/wavemaker-studio-frontend/wavemaker-ng-runtime/projects/components/widgets/containers/wizard
- to:   /Users/bhargavig_500297/projects/wavemaker-studio-frontend/wavemaker-ng-runtime/libraries/components/containers/wizard
------------------------------------------------------------------------------

Build at: 2025-10-22T06:21:44.117Z - Time: 1750ms

Building Angular Package

------------------------------------------------------------------------------
Building entry point '@wm/components/dialogs'
------------------------------------------------------------------------------
- Compiling with Angular sources in partial compilation mode.
✔ Compiling with Angular sources in partial compilation mode.
✔ Generating FESM and DTS bundles
- Copying assets
✔ Copying assets
- Writing package manifest
✔ Writing package manifest
✔ Built @wm/components/dialogs

------------------------------------------------------------------------------
Built Angular Package
- from: /Users/bhargavig_500297/projects/wavemaker-studio-frontend/wavemaker-ng-runtime/projects/components/widgets/dialogs/default
- to:   /Users/bhargavig_500297/projects/wavemaker-studio-frontend/wavemaker-ng-runtime/libraries/components/dialogs/default
------------------------------------------------------------------------------

Build at: 2025-10-22T06:21:46.325Z - Time: 1668ms

Building Angular Package

------------------------------------------------------------------------------
Building entry point '@wm/components/dialogs/alert-dialog'
------------------------------------------------------------------------------
- Compiling with Angular sources in partial compilation mode.
✔ Compiling with Angular sources in partial compilation mode.
✔ Generating FESM and DTS bundles
- Copying assets
✔ Copying assets
- Writing package manifest
✔ Writing package manifest
✔ Built @wm/components/dialogs/alert-dialog

------------------------------------------------------------------------------
Built Angular Package
- from: /Users/bhargavig_500297/projects/wavemaker-studio-frontend/wavemaker-ng-runtime/projects/components/widgets/dialogs/alert-dialog
- to:   /Users/bhargavig_500297/projects/wavemaker-studio-frontend/wavemaker-ng-runtime/libraries/components/dialogs/alert-dialog
------------------------------------------------------------------------------

Build at: 2025-10-22T06:21:49.225Z - Time: 1874ms

Building Angular Package

------------------------------------------------------------------------------
Building entry point '@wm/components/dialogs/confirm-dialog'
------------------------------------------------------------------------------
- Compiling with Angular sources in partial compilation mode.
✔ Compiling with Angular sources in partial compilation mode.
✔ Generating FESM and DTS bundles
- Copying assets
✔ Copying assets
- Writing package manifest
✔ Writing package manifest
✔ Built @wm/components/dialogs/confirm-dialog

------------------------------------------------------------------------------
Built Angular Package
- from: /Users/bhargavig_500297/projects/wavemaker-studio-frontend/wavemaker-ng-runtime/projects/components/widgets/dialogs/confirm-dialog
- to:   /Users/bhargavig_500297/projects/wavemaker-studio-frontend/wavemaker-ng-runtime/libraries/components/dialogs/confirm-dialog
------------------------------------------------------------------------------

Build at: 2025-10-22T06:21:51.647Z - Time: 1747ms

Building Angular Package

------------------------------------------------------------------------------
Building entry point '@wm/components/dialogs/design-dialog'
------------------------------------------------------------------------------
- Compiling with Angular sources in partial compilation mode.
✔ Compiling with Angular sources in partial compilation mode.
✔ Generating FESM and DTS bundles
- Copying assets
✔ Copying assets
- Writing package manifest
✔ Writing package manifest
✔ Built @wm/components/dialogs/design-dialog

------------------------------------------------------------------------------
Built Angular Package
- from: /Users/bhargavig_500297/projects/wavemaker-studio-frontend/wavemaker-ng-runtime/projects/components/widgets/dialogs/design-dialog
- to:   /Users/bhargavig_500297/projects/wavemaker-studio-frontend/wavemaker-ng-runtime/libraries/components/dialogs/design-dialog
------------------------------------------------------------------------------

Build at: 2025-10-22T06:21:53.669Z - Time: 1478ms

Building Angular Package

------------------------------------------------------------------------------
Building entry point '@wm/components/dialogs/iframe-dialog'
------------------------------------------------------------------------------
- Compiling with Angular sources in partial compilation mode.
✔ Compiling with Angular sources in partial compilation mode.
✔ Generating FESM and DTS bundles
- Copying assets
✔ Copying assets
- Writing package manifest
✔ Writing package manifest
✔ Built @wm/components/dialogs/iframe-dialog

------------------------------------------------------------------------------
Built Angular Package
- from: /Users/bhargavig_500297/projects/wavemaker-studio-frontend/wavemaker-ng-runtime/projects/components/widgets/dialogs/iframe-dialog
- to:   /Users/bhargavig_500297/projects/wavemaker-studio-frontend/wavemaker-ng-runtime/libraries/components/dialogs/iframe-dialog
------------------------------------------------------------------------------

Build at: 2025-10-22T06:21:55.735Z - Time: 1510ms

Building Angular Package

------------------------------------------------------------------------------
Building entry point '@wm/components/dialogs/partial-dialog'
------------------------------------------------------------------------------
- Compiling with Angular sources in partial compilation mode.
✔ Compiling with Angular sources in partial compilation mode.
✔ Generating FESM and DTS bundles
- Copying assets
✔ Copying assets
- Writing package manifest
✔ Writing package manifest
✔ Built @wm/components/dialogs/partial-dialog

------------------------------------------------------------------------------
Built Angular Package
- from: /Users/bhargavig_500297/projects/wavemaker-studio-frontend/wavemaker-ng-runtime/projects/components/widgets/dialogs/partial-dialog
- to:   /Users/bhargavig_500297/projects/wavemaker-studio-frontend/wavemaker-ng-runtime/libraries/components/dialogs/partial-dialog
------------------------------------------------------------------------------

Build at: 2025-10-22T06:21:58.367Z - Time: 1924ms

Building Angular Package

------------------------------------------------------------------------------
Building entry point '@wm/components/page'
------------------------------------------------------------------------------
- Compiling with Angular sources in partial compilation mode.
✔ Compiling with Angular sources in partial compilation mode.
✔ Generating FESM and DTS bundles
- Copying assets
✔ Copying assets
- Writing package manifest
✔ Writing package manifest
✔ Built @wm/components/page

------------------------------------------------------------------------------
Built Angular Package
- from: /Users/bhargavig_500297/projects/wavemaker-studio-frontend/wavemaker-ng-runtime/projects/components/widgets/page/default
- to:   /Users/bhargavig_500297/projects/wavemaker-studio-frontend/wavemaker-ng-runtime/libraries/components/page/default
------------------------------------------------------------------------------

Build at: 2025-10-22T06:22:00.473Z - Time: 1556ms

Building Angular Package

------------------------------------------------------------------------------
Building entry point '@wm/components/page/footer'
------------------------------------------------------------------------------
- Compiling with Angular sources in partial compilation mode.
✔ Compiling with Angular sources in partial compilation mode.
✔ Generating FESM and DTS bundles
- Copying assets
✔ Copying assets
- Writing package manifest
✔ Writing package manifest
✔ Built @wm/components/page/footer

------------------------------------------------------------------------------
Built Angular Package
- from: /Users/bhargavig_500297/projects/wavemaker-studio-frontend/wavemaker-ng-runtime/projects/components/widgets/page/footer
- to:   /Users/bhargavig_500297/projects/wavemaker-studio-frontend/wavemaker-ng-runtime/libraries/components/page/footer
------------------------------------------------------------------------------

Build at: 2025-10-22T06:22:02.490Z - Time: 1510ms

Building Angular Package

------------------------------------------------------------------------------
Building entry point '@wm/components/page/header'
------------------------------------------------------------------------------
- Compiling with Angular sources in partial compilation mode.
✔ Compiling with Angular sources in partial compilation mode.
✔ Generating FESM and DTS bundles
- Copying assets
✔ Copying assets
- Writing package manifest
✔ Writing package manifest
✔ Built @wm/components/page/header

------------------------------------------------------------------------------
Built Angular Package
- from: /Users/bhargavig_500297/projects/wavemaker-studio-frontend/wavemaker-ng-runtime/projects/components/widgets/page/header
- to:   /Users/bhargavig_500297/projects/wavemaker-studio-frontend/wavemaker-ng-runtime/libraries/components/page/header
------------------------------------------------------------------------------

Build at: 2025-10-22T06:22:04.400Z - Time: 1403ms

Building Angular Package

------------------------------------------------------------------------------
Building entry point '@wm/components/page/left-panel'
------------------------------------------------------------------------------
- Compiling with Angular sources in partial compilation mode.
✔ Compiling with Angular sources in partial compilation mode.
✔ Generating FESM and DTS bundles
- Copying assets
✔ Copying assets
- Writing package manifest
✔ Writing package manifest
✔ Built @wm/components/page/left-panel

------------------------------------------------------------------------------
Built Angular Package
- from: /Users/bhargavig_500297/projects/wavemaker-studio-frontend/wavemaker-ng-runtime/projects/components/widgets/page/left-panel
- to:   /Users/bhargavig_500297/projects/wavemaker-studio-frontend/wavemaker-ng-runtime/libraries/components/page/left-panel
------------------------------------------------------------------------------

Build at: 2025-10-22T06:22:06.369Z - Time: 1377ms

Building Angular Package

------------------------------------------------------------------------------
Building entry point '@wm/components/page/right-panel'
------------------------------------------------------------------------------
- Compiling with Angular sources in partial compilation mode.
✔ Compiling with Angular sources in partial compilation mode.
✔ Generating FESM and DTS bundles
- Copying assets
✔ Copying assets
- Writing package manifest
✔ Writing package manifest
✔ Built @wm/components/page/right-panel

------------------------------------------------------------------------------
Built Angular Package
- from: /Users/bhargavig_500297/projects/wavemaker-studio-frontend/wavemaker-ng-runtime/projects/components/widgets/page/right-panel
- to:   /Users/bhargavig_500297/projects/wavemaker-studio-frontend/wavemaker-ng-runtime/libraries/components/page/right-panel
------------------------------------------------------------------------------

Build at: 2025-10-22T06:22:08.235Z - Time: 1351ms

Building Angular Package

------------------------------------------------------------------------------
Building entry point '@wm/components/page/top-nav'
------------------------------------------------------------------------------
- Compiling with Angular sources in partial compilation mode.
✔ Compiling with Angular sources in partial compilation mode.
✔ Generating FESM and DTS bundles
- Copying assets
✔ Copying assets
- Writing package manifest
✔ Writing package manifest
✔ Built @wm/components/page/top-nav

------------------------------------------------------------------------------
Built Angular Package
- from: /Users/bhargavig_500297/projects/wavemaker-studio-frontend/wavemaker-ng-runtime/projects/components/widgets/page/top-nav
- to:   /Users/bhargavig_500297/projects/wavemaker-studio-frontend/wavemaker-ng-runtime/libraries/components/page/top-nav
------------------------------------------------------------------------------

Build at: 2025-10-22T06:22:09.979Z - Time: 1247ms

Building Angular Package

------------------------------------------------------------------------------
Building entry point '@wm/components/prefab'
------------------------------------------------------------------------------
- Compiling with Angular sources in partial compilation mode.
✔ Compiling with Angular sources in partial compilation mode.
✔ Generating FESM and DTS bundles
- Copying assets
✔ Copying assets
- Writing package manifest
✔ Writing package manifest
✔ Built @wm/components/prefab

------------------------------------------------------------------------------
Built Angular Package
- from: /Users/bhargavig_500297/projects/wavemaker-studio-frontend/wavemaker-ng-runtime/projects/components/widgets/prefab
- to:   /Users/bhargavig_500297/projects/wavemaker-studio-frontend/wavemaker-ng-runtime/libraries/components/prefab
------------------------------------------------------------------------------

Build at: 2025-10-22T06:22:11.910Z - Time: 1422ms

Building Angular Package

------------------------------------------------------------------------------
Building entry point '@wm/components/data/card'
------------------------------------------------------------------------------
- Compiling with Angular sources in partial compilation mode.
✔ Compiling with Angular sources in partial compilation mode.
✔ Generating FESM and DTS bundles
- Copying assets
✔ Copying assets
- Writing package manifest
✔ Writing package manifest
✔ Built @wm/components/data/card

------------------------------------------------------------------------------
Built Angular Package
- from: /Users/bhargavig_500297/projects/wavemaker-studio-frontend/wavemaker-ng-runtime/projects/components/widgets/data/card
- to:   /Users/bhargavig_500297/projects/wavemaker-studio-frontend/wavemaker-ng-runtime/libraries/components/data/card
------------------------------------------------------------------------------

Build at: 2025-10-22T06:22:13.872Z - Time: 1418ms

Building Angular Package

------------------------------------------------------------------------------
Building entry point '@wm/components/data/pagination'
------------------------------------------------------------------------------
- Compiling with Angular sources in partial compilation mode.
✔ Compiling with Angular sources in partial compilation mode.
✔ Generating FESM and DTS bundles
- Copying assets
✔ Copying assets
- Writing package manifest
✔ Writing package manifest
✔ Built @wm/components/data/pagination

------------------------------------------------------------------------------
Built Angular Package
- from: /Users/bhargavig_500297/projects/wavemaker-studio-frontend/wavemaker-ng-runtime/projects/components/widgets/data/pagination
- to:   /Users/bhargavig_500297/projects/wavemaker-studio-frontend/wavemaker-ng-runtime/libraries/components/data/pagination
------------------------------------------------------------------------------

Build at: 2025-10-22T06:22:15.961Z - Time: 1587ms

Building Angular Package

------------------------------------------------------------------------------
Building entry point '@wm/components/data/list'
------------------------------------------------------------------------------
- Compiling with Angular sources in partial compilation mode.
✔ Compiling with Angular sources in partial compilation mode.
✔ Generating FESM and DTS bundles
- Copying assets
✔ Copying assets
- Writing package manifest
✔ Writing package manifest
✔ Built @wm/components/data/list

------------------------------------------------------------------------------
Built Angular Package
- from: /Users/bhargavig_500297/projects/wavemaker-studio-frontend/wavemaker-ng-runtime/projects/components/widgets/data/list
- to:   /Users/bhargavig_500297/projects/wavemaker-studio-frontend/wavemaker-ng-runtime/libraries/components/data/list
------------------------------------------------------------------------------

Build at: 2025-10-22T06:22:18.506Z - Time: 2028ms

Building Angular Package

------------------------------------------------------------------------------
Building entry point '@wm/components/data/table'
------------------------------------------------------------------------------
- Compiling with Angular sources in partial compilation mode.
✔ Compiling with Angular sources in partial compilation mode.
✔ Generating FESM and DTS bundles
- Copying assets
✔ Copying assets
- Writing package manifest
✔ Writing package manifest
✔ Built @wm/components/data/table

------------------------------------------------------------------------------
Built Angular Package
- from: /Users/bhargavig_500297/projects/wavemaker-studio-frontend/wavemaker-ng-runtime/projects/components/widgets/data/table
- to:   /Users/bhargavig_500297/projects/wavemaker-studio-frontend/wavemaker-ng-runtime/libraries/components/data/table
------------------------------------------------------------------------------

Build at: 2025-10-22T06:22:21.306Z - Time: 2016ms

Building Angular Package

------------------------------------------------------------------------------
Building entry point '@wm/components/data/live-table'
------------------------------------------------------------------------------
- Compiling with Angular sources in partial compilation mode.
✔ Compiling with Angular sources in partial compilation mode.
✔ Generating FESM and DTS bundles
- Copying assets
✔ Copying assets
- Writing package manifest
✔ Writing package manifest
✔ Built @wm/components/data/live-table

------------------------------------------------------------------------------
Built Angular Package
- from: /Users/bhargavig_500297/projects/wavemaker-studio-frontend/wavemaker-ng-runtime/projects/components/widgets/data/live-table
- to:   /Users/bhargavig_500297/projects/wavemaker-studio-frontend/wavemaker-ng-runtime/libraries/components/data/live-table
------------------------------------------------------------------------------

Build at: 2025-10-22T06:22:23.246Z - Time: 1427ms

Building Angular Package

------------------------------------------------------------------------------
Building entry point '@wm/components/data/form'
------------------------------------------------------------------------------
- Compiling with Angular sources in partial compilation mode.
✔ Compiling with Angular sources in partial compilation mode.
✔ Generating FESM and DTS bundles
- Copying assets
✔ Copying assets
- Writing package manifest
✔ Writing package manifest
✔ Built @wm/components/data/form

------------------------------------------------------------------------------
Built Angular Package
- from: /Users/bhargavig_500297/projects/wavemaker-studio-frontend/wavemaker-ng-runtime/projects/components/widgets/data/form
- to:   /Users/bhargavig_500297/projects/wavemaker-studio-frontend/wavemaker-ng-runtime/libraries/components/data/form
------------------------------------------------------------------------------

Build at: 2025-10-22T06:22:25.734Z - Time: 1967ms

Building Angular Package

------------------------------------------------------------------------------
Building entry point '@wm/components/dialogs/login-dialog'
------------------------------------------------------------------------------
- Compiling with Angular sources in partial compilation mode.
✔ Compiling with Angular sources in partial compilation mode.
✔ Generating FESM and DTS bundles
- Copying assets
✔ Copying assets
- Writing package manifest
✔ Writing package manifest
✔ Built @wm/components/dialogs/login-dialog

------------------------------------------------------------------------------
Built Angular Package
- from: /Users/bhargavig_500297/projects/wavemaker-studio-frontend/wavemaker-ng-runtime/projects/components/widgets/dialogs/login-dialog
- to:   /Users/bhargavig_500297/projects/wavemaker-studio-frontend/wavemaker-ng-runtime/libraries/components/dialogs/login-dialog
------------------------------------------------------------------------------

Build at: 2025-10-22T06:22:27.700Z - Time: 1456ms

Building Angular Package

------------------------------------------------------------------------------
Building entry point '@wm/components/advanced/carousel'
------------------------------------------------------------------------------
- Compiling with Angular sources in partial compilation mode.
✔ Compiling with Angular sources in partial compilation mode.
✔ Generating FESM and DTS bundles
- Copying assets
✔ Copying assets
- Writing package manifest
✔ Writing package manifest
✔ Built @wm/components/advanced/carousel

------------------------------------------------------------------------------
Built Angular Package
- from: /Users/bhargavig_500297/projects/wavemaker-studio-frontend/wavemaker-ng-runtime/projects/components/widgets/advanced/carousel
- to:   /Users/bhargavig_500297/projects/wavemaker-studio-frontend/wavemaker-ng-runtime/libraries/components/advanced/carousel
------------------------------------------------------------------------------

Build at: 2025-10-22T06:22:29.580Z - Time: 1363ms

Building Angular Package

------------------------------------------------------------------------------
Building entry point '@wm/components/advanced/marquee'
------------------------------------------------------------------------------
- Compiling with Angular sources in partial compilation mode.
✔ Compiling with Angular sources in partial compilation mode.
✔ Generating FESM and DTS bundles
- Copying assets
✔ Copying assets
- Writing package manifest
✔ Writing package manifest
✔ Built @wm/components/advanced/marquee

------------------------------------------------------------------------------
Built Angular Package
- from: /Users/bhargavig_500297/projects/wavemaker-studio-frontend/wavemaker-ng-runtime/projects/components/widgets/advanced/marquee
- to:   /Users/bhargavig_500297/projects/wavemaker-studio-frontend/wavemaker-ng-runtime/libraries/components/advanced/marquee
------------------------------------------------------------------------------

Build at: 2025-10-22T06:22:31.351Z - Time: 1253ms

Building Angular Package

------------------------------------------------------------------------------
Building entry point '@wm/components/advanced/login'
------------------------------------------------------------------------------
- Compiling with Angular sources in partial compilation mode.
✔ Compiling with Angular sources in partial compilation mode.
✔ Generating FESM and DTS bundles
- Copying assets
✔ Copying assets
- Writing package manifest
✔ Writing package manifest
✔ Built @wm/components/advanced/login

------------------------------------------------------------------------------
Built Angular Package
- from: /Users/bhargavig_500297/projects/wavemaker-studio-frontend/wavemaker-ng-runtime/projects/components/widgets/advanced/login
- to:   /Users/bhargavig_500297/projects/wavemaker-studio-frontend/wavemaker-ng-runtime/libraries/components/advanced/login
------------------------------------------------------------------------------

Build at: 2025-10-22T06:22:33.286Z - Time: 1424ms

Building Angular Package

------------------------------------------------------------------------------
Building entry point '@wm/components/advanced/custom'
------------------------------------------------------------------------------
- Compiling with Angular sources in partial compilation mode.
✔ Compiling with Angular sources in partial compilation mode.
✔ Generating FESM and DTS bundles
- Copying assets
✔ Copying assets
- Writing package manifest
✔ Writing package manifest
✔ Built @wm/components/advanced/custom

------------------------------------------------------------------------------
Built Angular Package
- from: /Users/bhargavig_500297/projects/wavemaker-studio-frontend/wavemaker-ng-runtime/projects/components/widgets/advanced/custom
- to:   /Users/bhargavig_500297/projects/wavemaker-studio-frontend/wavemaker-ng-runtime/libraries/components/advanced/custom
------------------------------------------------------------------------------

Build at: 2025-10-22T06:22:35.218Z - Time: 1422ms

Building Angular Package

------------------------------------------------------------------------------
Building entry point '@wm/buildTask'
------------------------------------------------------------------------------
- Compiling with Angular sources in partial compilation mode.
✖ Compiling with Angular sources in partial compilation mode.
[96mprojects/components/transpile/src/advanced/carousel/carousel.build.ts[0m:[93m2[0m:[93m72[0m - [91merror[0m[90m TS2307: [0mCannot find module '@wm/transpiler' or its corresponding type declarations.

[7m2[0m import { IBuildTaskDef, getAttrMarkup, register, getBoundToExpr } from '@wm/transpiler';
[7m [0m [91m                                                                       ~~~~~~~~~~~~~~~~[0m
[96mprojects/components/transpile/src/advanced/carousel/carousel-template/carousel-template.build.ts[0m:[93m1[0m:[93m54[0m - [91merror[0m[90m TS2307: [0mCannot find module '@wm/transpiler' or its corresponding type declarations.

[7m1[0m import {getAttrMarkup, IBuildTaskDef, register} from '@wm/transpiler';
[7m [0m [91m                                                     ~~~~~~~~~~~~~~~~[0m
[96mprojects/components/transpile/src/advanced/login/login.build.ts[0m:[93m1[0m:[93m56[0m - [91merror[0m[90m TS2307: [0mCannot find module '@wm/transpiler' or its corresponding type declarations.

[7m1[0m import { getAttrMarkup, IBuildTaskDef, register } from '@wm/transpiler';
[7m [0m [91m                                                       ~~~~~~~~~~~~~~~~[0m
[96mprojects/components/transpile/src/advanced/marquee/marquee.build.ts[0m:[93m1[0m:[93m56[0m - [91merror[0m[90m TS2307: [0mCannot find module '@wm/transpiler' or its corresponding type declarations.

[7m1[0m import { getAttrMarkup, IBuildTaskDef, register } from '@wm/transpiler';
[7m [0m [91m                                                       ~~~~~~~~~~~~~~~~[0m
[96mprojects/components/transpile/src/basic/anchor/anchor.build.ts[0m:[93m1[0m:[93m54[0m - [91merror[0m[90m TS2307: [0mCannot find module '@wm/transpiler' or its corresponding type declarations.

[7m1[0m import {getAttrMarkup, IBuildTaskDef, register} from '@wm/transpiler';
[7m [0m [91m                                                     ~~~~~~~~~~~~~~~~[0m
[96mprojects/components/transpile/src/basic/audio/audio.build.ts[0m:[93m1[0m:[93m56[0m - [91merror[0m[90m TS2307: [0mCannot find module '@wm/transpiler' or its corresponding type declarations.

[7m1[0m import { getAttrMarkup, IBuildTaskDef, register } from '@wm/transpiler';
[7m [0m [91m                                                       ~~~~~~~~~~~~~~~~[0m
[96mprojects/components/transpile/src/basic/html/html.build.ts[0m:[93m1[0m:[93m54[0m - [91merror[0m[90m TS2307: [0mCannot find module '@wm/transpiler' or its corresponding type declarations.

[7m1[0m import {getAttrMarkup, IBuildTaskDef, register} from '@wm/transpiler';
[7m [0m [91m                                                     ~~~~~~~~~~~~~~~~[0m
[96mprojects/components/transpile/src/basic/icon/icon.build.ts[0m:[93m1[0m:[93m54[0m - [91merror[0m[90m TS2307: [0mCannot find module '@wm/transpiler' or its corresponding type declarations.

[7m1[0m import {getAttrMarkup, IBuildTaskDef, register} from '@wm/transpiler';
[7m [0m [91m                                                     ~~~~~~~~~~~~~~~~[0m
[96mprojects/components/transpile/src/basic/iframe/iframe.build.ts[0m:[93m1[0m:[93m56[0m - [91merror[0m[90m TS2307: [0mCannot find module '@wm/transpiler' or its corresponding type declarations.

[7m1[0m import { getAttrMarkup, IBuildTaskDef, register } from '@wm/transpiler';
[7m [0m [91m                                                       ~~~~~~~~~~~~~~~~[0m
[96mprojects/components/transpile/src/basic/label/label.build.ts[0m:[93m1[0m:[93m54[0m - [91merror[0m[90m TS2307: [0mCannot find module '@wm/transpiler' or its corresponding type declarations.

[7m1[0m import {getAttrMarkup, IBuildTaskDef, register} from '@wm/transpiler';
[7m [0m [91m                                                     ~~~~~~~~~~~~~~~~[0m
[96mprojects/components/transpile/src/basic/picture/picture.build.ts[0m:[93m1[0m:[93m54[0m - [91merror[0m[90m TS2307: [0mCannot find module '@wm/transpiler' or its corresponding type declarations.

[7m1[0m import {getAttrMarkup, IBuildTaskDef, register} from '@wm/transpiler';
[7m [0m [91m                                                     ~~~~~~~~~~~~~~~~[0m
[96mprojects/components/transpile/src/basic/spinner/spinner.build.ts[0m:[93m1[0m:[93m54[0m - [91merror[0m[90m TS2307: [0mCannot find module '@wm/transpiler' or its corresponding type declarations.

[7m1[0m import {getAttrMarkup, IBuildTaskDef, register} from '@wm/transpiler';
[7m [0m [91m                                                     ~~~~~~~~~~~~~~~~[0m
[96mprojects/components/transpile/src/basic/progress/progress-bar/progress-bar.build.ts[0m:[93m3[0m:[93m72[0m - [91merror[0m[90m TS2307: [0mCannot find module '@wm/transpiler' or its corresponding type declarations.

[7m3[0m import { getAttrMarkup, getBoundToExpr, IBuildTaskDef, register } from '@wm/transpiler';
[7m [0m [91m                                                                       ~~~~~~~~~~~~~~~~[0m
[96mprojects/components/transpile/src/basic/progress/progress-circle/progress-circle.build.ts[0m:[93m1[0m:[93m56[0m - [91merror[0m[90m TS2307: [0mCannot find module '@wm/transpiler' or its corresponding type declarations.

[7m1[0m import { getAttrMarkup, IBuildTaskDef, register } from '@wm/transpiler';
[7m [0m [91m                                                       ~~~~~~~~~~~~~~~~[0m
[96mprojects/components/transpile/src/basic/rich-text-editor/rich-text-editor.build.ts[0m:[93m1[0m:[93m58[0m - [91merror[0m[90m TS2307: [0mCannot find module '@wm/transpiler' or its corresponding type declarations.

[7m1[0m import {getFormMarkupAttr, IBuildTaskDef, register} from '@wm/transpiler';
[7m [0m [91m                                                         ~~~~~~~~~~~~~~~~[0m
[96mprojects/components/transpile/src/basic/search/search.build.ts[0m:[93m2[0m:[93m60[0m - [91merror[0m[90m TS2307: [0mCannot find module '@wm/transpiler' or its corresponding type declarations.

[7m2[0m import { getFormMarkupAttr, IBuildTaskDef, register } from '@wm/transpiler';
[7m [0m [91m                                                           ~~~~~~~~~~~~~~~~[0m
[96mprojects/components/transpile/src/basic/tree/tree.build.ts[0m:[93m1[0m:[93m56[0m - [91merror[0m[90m TS2307: [0mCannot find module '@wm/transpiler' or its corresponding type declarations.

[7m1[0m import { getAttrMarkup, IBuildTaskDef, register } from '@wm/transpiler';
[7m [0m [91m                                                       ~~~~~~~~~~~~~~~~[0m
[96mprojects/components/transpile/src/data/card/card.build.ts[0m:[93m1[0m:[93m56[0m - [91merror[0m[90m TS2307: [0mCannot find module '@wm/transpiler' or its corresponding type declarations.

[7m1[0m import { getAttrMarkup, IBuildTaskDef, register } from '@wm/transpiler';
[7m [0m [91m                                                       ~~~~~~~~~~~~~~~~[0m
[96mprojects/components/transpile/src/data/card/card-content/card-content.build.ts[0m:[93m1[0m:[93m56[0m - [91merror[0m[90m TS2307: [0mCannot find module '@wm/transpiler' or its corresponding type declarations.

[7m1[0m import { getAttrMarkup, IBuildTaskDef, register } from '@wm/transpiler';
[7m [0m [91m                                                       ~~~~~~~~~~~~~~~~[0m
[96mprojects/components/transpile/src/data/card/card-actions/card-actions.build.ts[0m:[93m1[0m:[93m56[0m - [91merror[0m[90m TS2307: [0mCannot find module '@wm/transpiler' or its corresponding type declarations.

[7m1[0m import { getAttrMarkup, IBuildTaskDef, register } from '@wm/transpiler';
[7m [0m [91m                                                       ~~~~~~~~~~~~~~~~[0m
[96mprojects/components/transpile/src/data/card/card-footer/card-footer.build.ts[0m:[93m1[0m:[93m56[0m - [91merror[0m[90m TS2307: [0mCannot find module '@wm/transpiler' or its corresponding type declarations.

[7m1[0m import { getAttrMarkup, IBuildTaskDef, register } from '@wm/transpiler';
[7m [0m [91m                                                       ~~~~~~~~~~~~~~~~[0m
[96mprojects/components/transpile/src/chart/chart.build.ts[0m:[93m1[0m:[93m56[0m - [91merror[0m[90m TS2307: [0mCannot find module '@wm/transpiler' or its corresponding type declarations.

[7m1[0m import { getAttrMarkup, IBuildTaskDef, register } from '@wm/transpiler';
[7m [0m [91m                                                       ~~~~~~~~~~~~~~~~[0m
[96mprojects/components/transpile/src/containers/accordion/accordion.build.ts[0m:[93m2[0m:[93m70[0m - [91merror[0m[90m TS2307: [0mCannot find module '@wm/transpiler' or its corresponding type declarations.

[7m2[0m import {getAttrMarkup, getBoundToExpr, IBuildTaskDef, register} from '@wm/transpiler';
[7m [0m [91m                                                                     ~~~~~~~~~~~~~~~~[0m
[96mprojects/components/transpile/src/containers/accordion/accordion-pane/accordion-pane.build.ts[0m:[93m1[0m:[93m54[0m - [91merror[0m[90m TS2307: [0mCannot find module '@wm/transpiler' or its corresponding type declarations.

[7m1[0m import {getAttrMarkup, IBuildTaskDef, register} from '@wm/transpiler';
[7m [0m [91m                                                     ~~~~~~~~~~~~~~~~[0m
[96mprojects/components/transpile/src/containers/container.build.ts[0m:[93m1[0m:[93m56[0m - [91merror[0m[90m TS2307: [0mCannot find module '@wm/transpiler' or its corresponding type declarations.

[7m1[0m import { getAttrMarkup, IBuildTaskDef, register } from '@wm/transpiler';
[7m [0m [91m                                                       ~~~~~~~~~~~~~~~~[0m
[96mprojects/components/transpile/src/containers/layout-grid/layout-grid-column/layout-grid-column.build.ts[0m:[93m1[0m:[93m56[0m - [91merror[0m[90m TS2307: [0mCannot find module '@wm/transpiler' or its corresponding type declarations.

[7m1[0m import { getAttrMarkup, IBuildTaskDef, register } from '@wm/transpiler';
[7m [0m [91m                                                       ~~~~~~~~~~~~~~~~[0m
[96mprojects/components/transpile/src/containers/layout-grid/layout-grid-row/layout-grid-row.build.ts[0m:[93m1[0m:[93m56[0m - [91merror[0m[90m TS2307: [0mCannot find module '@wm/transpiler' or its corresponding type declarations.

[7m1[0m import { getAttrMarkup, IBuildTaskDef, register } from '@wm/transpiler';
[7m [0m [91m                                                       ~~~~~~~~~~~~~~~~[0m
[96mprojects/components/transpile/src/containers/layout-grid/layout-grid.build.ts[0m:[93m1[0m:[93m56[0m - [91merror[0m[90m TS2307: [0mCannot find module '@wm/transpiler' or its corresponding type declarations.

[7m1[0m import { getAttrMarkup, IBuildTaskDef, register } from '@wm/transpiler';
[7m [0m [91m                                                       ~~~~~~~~~~~~~~~~[0m
[96mprojects/components/transpile/src/containers/panel/panel.build.ts[0m:[93m1[0m:[93m56[0m - [91merror[0m[90m TS2307: [0mCannot find module '@wm/transpiler' or its corresponding type declarations.

[7m1[0m import { getAttrMarkup, IBuildTaskDef, register } from '@wm/transpiler';
[7m [0m [91m                                                       ~~~~~~~~~~~~~~~~[0m
[96mprojects/components/transpile/src/containers/segmented-control/segmented-control.build.ts[0m:[93m1[0m:[93m56[0m - [91merror[0m[90m TS2307: [0mCannot find module '@wm/transpiler' or its corresponding type declarations.

[7m1[0m import { getAttrMarkup, IBuildTaskDef, register } from '@wm/transpiler';
[7m [0m [91m                                                       ~~~~~~~~~~~~~~~~[0m
[96mprojects/components/transpile/src/containers/segmented-control/segment-content/segment-content.build.ts[0m:[93m1[0m:[93m56[0m - [91merror[0m[90m TS2307: [0mCannot find module '@wm/transpiler' or its corresponding type declarations.

[7m1[0m import { getAttrMarkup, IBuildTaskDef, register } from '@wm/transpiler';
[7m [0m [91m                                                       ~~~~~~~~~~~~~~~~[0m
[96mprojects/components/transpile/src/containers/repeat-template.build.ts[0m:[93m1[0m:[93m56[0m - [91merror[0m[90m TS2307: [0mCannot find module '@wm/transpiler' or its corresponding type declarations.

[7m1[0m import { getAttrMarkup, IBuildTaskDef, register } from '@wm/transpiler';
[7m [0m [91m                                                       ~~~~~~~~~~~~~~~~[0m
[96mprojects/components/transpile/src/containers/tabs/tabs.build.ts[0m:[93m2[0m:[93m72[0m - [91merror[0m[90m TS2307: [0mCannot find module '@wm/transpiler' or its corresponding type declarations.

[7m2[0m import { IBuildTaskDef, getAttrMarkup, register, getBoundToExpr } from '@wm/transpiler';
[7m [0m [91m                                                                       ~~~~~~~~~~~~~~~~[0m
[96mprojects/components/transpile/src/containers/tabs/tab-pane/tab-pane.build.ts[0m:[93m1[0m:[93m56[0m - [91merror[0m[90m TS2307: [0mCannot find module '@wm/transpiler' or its corresponding type declarations.

[7m1[0m import { getAttrMarkup, IBuildTaskDef, register } from '@wm/transpiler';
[7m [0m [91m                                                       ~~~~~~~~~~~~~~~~[0m
[96mprojects/components/transpile/src/containers/tile/tile.build.ts[0m:[93m1[0m:[93m54[0m - [91merror[0m[90m TS2307: [0mCannot find module '@wm/transpiler' or its corresponding type declarations.

[7m1[0m import {getAttrMarkup, IBuildTaskDef, register} from '@wm/transpiler';
[7m [0m [91m                                                     ~~~~~~~~~~~~~~~~[0m
[96mprojects/components/transpile/src/containers/wizard/wizard.build.ts[0m:[93m1[0m:[93m70[0m - [91merror[0m[90m TS2307: [0mCannot find module '@wm/transpiler' or its corresponding type declarations.

[7m1[0m import {getAttrMarkup, getBoundToExpr, IBuildTaskDef, register} from '@wm/transpiler';
[7m [0m [91m                                                                     ~~~~~~~~~~~~~~~~[0m
[96mprojects/components/transpile/src/containers/wizard/wizard-step/wizard-step.build.ts[0m:[93m2[0m:[93m56[0m - [91merror[0m[90m TS2307: [0mCannot find module '@wm/transpiler' or its corresponding type declarations.

[7m2[0m import { getAttrMarkup, IBuildTaskDef, register } from '@wm/transpiler';
[7m [0m [91m                                                       ~~~~~~~~~~~~~~~~[0m
[96mprojects/components/transpile/src/containers/wizard/wizard-action/wizard-action.build.ts[0m:[93m1[0m:[93m56[0m - [91merror[0m[90m TS2307: [0mCannot find module '@wm/transpiler' or its corresponding type declarations.

[7m1[0m import { getAttrMarkup, IBuildTaskDef, register } from '@wm/transpiler';
[7m [0m [91m                                                       ~~~~~~~~~~~~~~~~[0m
[96mprojects/components/transpile/src/device/barcode-scanner/barcode-scanner.build.ts[0m:[93m1[0m:[93m54[0m - [91merror[0m[90m TS2307: [0mCannot find module '@wm/transpiler' or its corresponding type declarations.

[7m1[0m import {getAttrMarkup, IBuildTaskDef, register} from '@wm/transpiler';
[7m [0m [91m                                                     ~~~~~~~~~~~~~~~~[0m
[96mprojects/components/transpile/src/device/camera/camera.build.ts[0m:[93m1[0m:[93m54[0m - [91merror[0m[90m TS2307: [0mCannot find module '@wm/transpiler' or its corresponding type declarations.

[7m1[0m import {getAttrMarkup, IBuildTaskDef, register} from '@wm/transpiler';
[7m [0m [91m                                                     ~~~~~~~~~~~~~~~~[0m
[96mprojects/components/transpile/src/dialogs/alert-dialog/alert-dialog.build.ts[0m:[93m1[0m:[93m54[0m - [91merror[0m[90m TS2307: [0mCannot find module '@wm/transpiler' or its corresponding type declarations.

[7m1[0m import {getAttrMarkup, IBuildTaskDef, register} from '@wm/transpiler';
[7m [0m [91m                                                     ~~~~~~~~~~~~~~~~[0m
[96mprojects/components/transpile/src/dialogs/confirm-dialog/confirm-dialog.build.ts[0m:[93m1[0m:[93m56[0m - [91merror[0m[90m TS2307: [0mCannot find module '@wm/transpiler' or its corresponding type declarations.

[7m1[0m import { getAttrMarkup, IBuildTaskDef, register } from '@wm/transpiler';
[7m [0m [91m                                                       ~~~~~~~~~~~~~~~~[0m
[96mprojects/components/transpile/src/dialogs/base/dialog-footer/dialog-footer.build.ts[0m:[93m1[0m:[93m56[0m - [91merror[0m[90m TS2307: [0mCannot find module '@wm/transpiler' or its corresponding type declarations.

[7m1[0m import { getAttrMarkup, IBuildTaskDef, register } from '@wm/transpiler';
[7m [0m [91m                                                       ~~~~~~~~~~~~~~~~[0m
[96mprojects/components/transpile/src/dialogs/design-dialog/dialog.build.ts[0m:[93m1[0m:[93m56[0m - [91merror[0m[90m TS2307: [0mCannot find module '@wm/transpiler' or its corresponding type declarations.

[7m1[0m import { getAttrMarkup, IBuildTaskDef, register } from '@wm/transpiler';
[7m [0m [91m                                                       ~~~~~~~~~~~~~~~~[0m
[96mprojects/components/transpile/src/dialogs/iframe-dialog/iframe-dialog.build.ts[0m:[93m1[0m:[93m56[0m - [91merror[0m[90m TS2307: [0mCannot find module '@wm/transpiler' or its corresponding type declarations.

[7m1[0m import { getAttrMarkup, IBuildTaskDef, register } from '@wm/transpiler';
[7m [0m [91m                                                       ~~~~~~~~~~~~~~~~[0m
[96mprojects/components/transpile/src/dialogs/login-dialog/login-dialog.build.ts[0m:[93m1[0m:[93m56[0m - [91merror[0m[90m TS2307: [0mCannot find module '@wm/transpiler' or its corresponding type declarations.

[7m1[0m import { getAttrMarkup, IBuildTaskDef, register } from '@wm/transpiler';
[7m [0m [91m                                                       ~~~~~~~~~~~~~~~~[0m
[96mprojects/components/transpile/src/dialogs/partial-dialog/partial-dialog.build.ts[0m:[93m1[0m:[93m56[0m - [91merror[0m[90m TS2307: [0mCannot find module '@wm/transpiler' or its corresponding type declarations.

[7m1[0m import { getAttrMarkup, IBuildTaskDef, register } from '@wm/transpiler';
[7m [0m [91m                                                       ~~~~~~~~~~~~~~~~[0m
[96mprojects/components/transpile/src/data/form/form-field/form-field.build.ts[0m:[93m1[0m:[93m58[0m - [91merror[0m[90m TS2307: [0mCannot find module '@wm/transpiler' or its corresponding type declarations.

[7m1[0m import {getFormMarkupAttr, IBuildTaskDef, register} from '@wm/transpiler';
[7m [0m [91m                                                         ~~~~~~~~~~~~~~~~[0m
[96mprojects/components/transpile/src/data/form/form-action/form-action.build.ts[0m:[93m1[0m:[93m56[0m - [91merror[0m[90m TS2307: [0mCannot find module '@wm/transpiler' or its corresponding type declarations.

[7m1[0m import { getAttrMarkup, IBuildTaskDef, register } from '@wm/transpiler';
[7m [0m [91m                                                       ~~~~~~~~~~~~~~~~[0m
[96mprojects/components/transpile/src/data/form/form.build.ts[0m:[93m3[0m:[93m71[0m - [91merror[0m[90m TS2307: [0mCannot find module '@wm/transpiler' or its corresponding type declarations.

[7m3[0m import { getAttrMarkup, IBuildTaskDef, register, getDataSource } from '@wm/transpiler';
[7m [0m [91m                                                                      ~~~~~~~~~~~~~~~~[0m
[96mprojects/components/transpile/src/input/calendar/calendar.build.ts[0m:[93m1[0m:[93m54[0m - [91merror[0m[90m TS2307: [0mCannot find module '@wm/transpiler' or its corresponding type declarations.

[7m1[0m import {getAttrMarkup, IBuildTaskDef, register} from '@wm/transpiler';
[7m [0m [91m                                                     ~~~~~~~~~~~~~~~~[0m
[96mprojects/components/transpile/src/input/chips/chips.build.ts[0m:[93m1[0m:[93m54[0m - [91merror[0m[90m TS2307: [0mCannot find module '@wm/transpiler' or its corresponding type declarations.

[7m1[0m import {getAttrMarkup, IBuildTaskDef, register} from '@wm/transpiler';
[7m [0m [91m                                                     ~~~~~~~~~~~~~~~~[0m
[96mprojects/components/transpile/src/input/color-picker/color-picker.build.ts[0m:[93m1[0m:[93m69[0m - [91merror[0m[90m TS2307: [0mCannot find module '@wm/transpiler' or its corresponding type declarations.

[7m1[0m import {getAttrMarkup, getChildAttrs, IBuildTaskDef, register} from '@wm/transpiler';
[7m [0m [91m                                                                    ~~~~~~~~~~~~~~~~[0m
[96mprojects/components/transpile/src/input/currency/currency.build.ts[0m:[93m1[0m:[93m69[0m - [91merror[0m[90m TS2307: [0mCannot find module '@wm/transpiler' or its corresponding type declarations.

[7m1[0m import {getAttrMarkup, getChildAttrs, IBuildTaskDef, register} from '@wm/transpiler';
[7m [0m [91m                                                                    ~~~~~~~~~~~~~~~~[0m
[96mprojects/components/transpile/src/input/default/button-group/button-group.build.ts[0m:[93m1[0m:[93m54[0m - [91merror[0m[90m TS2307: [0mCannot find module '@wm/transpiler' or its corresponding type declarations.

[7m1[0m import {getAttrMarkup, IBuildTaskDef, register} from '@wm/transpiler';
[7m [0m [91m                                                     ~~~~~~~~~~~~~~~~[0m
[96mprojects/components/transpile/src/input/default/button/button.build.ts[0m:[93m1[0m:[93m54[0m - [91merror[0m[90m TS2307: [0mCannot find module '@wm/transpiler' or its corresponding type declarations.

[7m1[0m import {getAttrMarkup, IBuildTaskDef, register} from '@wm/transpiler';
[7m [0m [91m                                                     ~~~~~~~~~~~~~~~~[0m
[96mprojects/components/transpile/src/input/default/checkbox/checkbox.build.ts[0m:[93m1[0m:[93m73[0m - [91merror[0m[90m TS2307: [0mCannot find module '@wm/transpiler' or its corresponding type declarations.

[7m1[0m import {getChildAttrs, getFormMarkupAttr, IBuildTaskDef, register} from '@wm/transpiler';
[7m [0m [91m                                                                        ~~~~~~~~~~~~~~~~[0m
[96mprojects/components/transpile/src/input/default/checkboxset/checkboxset.build.ts[0m:[93m1[0m:[93m75[0m - [91merror[0m[90m TS2307: [0mCannot find module '@wm/transpiler' or its corresponding type declarations.

[7m1[0m import { getFormMarkupAttr, IBuildTaskDef, register, getChildAttrs } from '@wm/transpiler';
[7m [0m [91m                                                                          ~~~~~~~~~~~~~~~~[0m
[96mprojects/components/transpile/src/input/default/composite/composite.build.ts[0m:[93m1[0m:[93m88[0m - [91merror[0m[90m TS2307: [0mCannot find module '@wm/transpiler' or its corresponding type declarations.

[7m1[0m import { getAttrMarkup, setChildAttrs, clearChildAttrs, IBuildTaskDef, register } from '@wm/transpiler';
[7m [0m [91m                                                                                       ~~~~~~~~~~~~~~~~[0m
[96mprojects/components/transpile/src/input/default/number/number.build.ts[0m:[93m3[0m:[93m75[0m - [91merror[0m[90m TS2307: [0mCannot find module '@wm/transpiler' or its corresponding type declarations.

[7m3[0m import { getFormMarkupAttr,getChildAttrs , IBuildTaskDef, register } from '@wm/transpiler';
[7m [0m [91m                                                                          ~~~~~~~~~~~~~~~~[0m
[96mprojects/components/transpile/src/input/default/radioset/radioset.build.ts[0m:[93m2[0m:[93m75[0m - [91merror[0m[90m TS2307: [0mCannot find module '@wm/transpiler' or its corresponding type declarations.

[7m2[0m import { getFormMarkupAttr, IBuildTaskDef, register, getChildAttrs } from '@wm/transpiler';
[7m [0m [91m                                                                          ~~~~~~~~~~~~~~~~[0m
[96mprojects/components/transpile/src/input/default/select/select.build.ts[0m:[93m2[0m:[93m75[0m - [91merror[0m[90m TS2307: [0mCannot find module '@wm/transpiler' or its corresponding type declarations.

[7m2[0m import { getFormMarkupAttr, IBuildTaskDef, register, getChildAttrs } from '@wm/transpiler';
[7m [0m [91m                                                                          ~~~~~~~~~~~~~~~~[0m
[96mprojects/components/transpile/src/input/default/switch/switch.build.ts[0m:[93m2[0m:[93m58[0m - [91merror[0m[90m TS2307: [0mCannot find module '@wm/transpiler' or its corresponding type declarations.

[7m2[0m import {getFormMarkupAttr, IBuildTaskDef, register} from '@wm/transpiler';
[7m [0m [91m                                                         ~~~~~~~~~~~~~~~~[0m
[96mprojects/components/transpile/src/input/default/text/text.build.ts[0m:[93m1[0m:[93m75[0m - [91merror[0m[90m TS2307: [0mCannot find module '@wm/transpiler' or its corresponding type declarations.

[7m1[0m import { getFormMarkupAttr, getChildAttrs, IBuildTaskDef, register } from '@wm/transpiler';
[7m [0m [91m                                                                          ~~~~~~~~~~~~~~~~[0m
[96mprojects/components/transpile/src/input/default/textarea/textarea.build.ts[0m:[93m1[0m:[93m75[0m - [91merror[0m[90m TS2307: [0mCannot find module '@wm/transpiler' or its corresponding type declarations.

[7m1[0m import { getFormMarkupAttr, getChildAttrs, IBuildTaskDef, register } from '@wm/transpiler';
[7m [0m [91m                                                                          ~~~~~~~~~~~~~~~~[0m
[96mprojects/components/transpile/src/input/epoch/date-time/date-time.build.ts[0m:[93m1[0m:[93m75[0m - [91merror[0m[90m TS2307: [0mCannot find module '@wm/transpiler' or its corresponding type declarations.

[7m1[0m import { getFormMarkupAttr, IBuildTaskDef, register, getChildAttrs } from '@wm/transpiler';
[7m [0m [91m                                                                          ~~~~~~~~~~~~~~~~[0m
[96mprojects/components/transpile/src/input/epoch/date/date.build.ts[0m:[93m1[0m:[93m75[0m - [91merror[0m[90m TS2307: [0mCannot find module '@wm/transpiler' or its corresponding type declarations.

[7m1[0m import { getFormMarkupAttr, IBuildTaskDef, register, getChildAttrs } from '@wm/transpiler';
[7m [0m [91m                                                                          ~~~~~~~~~~~~~~~~[0m
[96mprojects/components/transpile/src/input/epoch/time/time.build.ts[0m:[93m1[0m:[93m75[0m - [91merror[0m[90m TS2307: [0mCannot find module '@wm/transpiler' or its corresponding type declarations.

[7m1[0m import { getFormMarkupAttr, IBuildTaskDef, register, getChildAttrs } from '@wm/transpiler';
[7m [0m [91m                                                                          ~~~~~~~~~~~~~~~~[0m
[96mprojects/components/transpile/src/input/file-upload/file-upload.build.ts[0m:[93m1[0m:[93m69[0m - [91merror[0m[90m TS2307: [0mCannot find module '@wm/transpiler' or its corresponding type declarations.

[7m1[0m import {getAttrMarkup, getDataSource, IBuildTaskDef, register} from '@wm/transpiler';
[7m [0m [91m                                                                    ~~~~~~~~~~~~~~~~[0m
[96mprojects/components/transpile/src/input/rating/rating.build.ts[0m:[93m2[0m:[93m60[0m - [91merror[0m[90m TS2307: [0mCannot find module '@wm/transpiler' or its corresponding type declarations.

[7m2[0m import { getFormMarkupAttr, IBuildTaskDef, register } from '@wm/transpiler';
[7m [0m [91m                                                           ~~~~~~~~~~~~~~~~[0m
[96mprojects/components/transpile/src/input/slider/slider.build.ts[0m:[93m2[0m:[93m56[0m - [91merror[0m[90m TS2307: [0mCannot find module '@wm/transpiler' or its corresponding type declarations.

[7m2[0m import { getAttrMarkup, IBuildTaskDef, register } from '@wm/transpiler';
[7m [0m [91m                                                       ~~~~~~~~~~~~~~~~[0m
[96mprojects/components/transpile/src/data/media-list/media-list.build.ts[0m:[93m3[0m:[93m56[0m - [91merror[0m[90m TS2307: [0mCannot find module '@wm/transpiler' or its corresponding type declarations.

[7m3[0m import { getAttrMarkup, IBuildTaskDef, register } from '@wm/transpiler';
[7m [0m [91m                                                       ~~~~~~~~~~~~~~~~[0m
[96mprojects/components/transpile/src/data/media-list/media-list-item/media-list-item.build.ts[0m:[93m1[0m:[93m41[0m - [91merror[0m[90m TS2307: [0mCannot find module '@wm/transpiler' or its corresponding type declarations.

[7m1[0m import { IBuildTaskDef, register } from '@wm/transpiler';
[7m [0m [91m                                        ~~~~~~~~~~~~~~~~[0m
[96mprojects/components/transpile/src/data/list/list.build.ts[0m:[93m4[0m:[93m72[0m - [91merror[0m[90m TS2307: [0mCannot find module '@wm/transpiler' or its corresponding type declarations.

[7m4[0m import { getAttrMarkup, getBoundToExpr, IBuildTaskDef, register } from '@wm/transpiler';
[7m [0m [91m                                                                       ~~~~~~~~~~~~~~~~[0m
[96mprojects/components/transpile/src/data/live-table/live-table.build.ts[0m:[93m1[0m:[93m56[0m - [91merror[0m[90m TS2307: [0mCannot find module '@wm/transpiler' or its corresponding type declarations.

[7m1[0m import { getAttrMarkup, IBuildTaskDef, register } from '@wm/transpiler';
[7m [0m [91m                                                       ~~~~~~~~~~~~~~~~[0m
[96mprojects/components/transpile/src/message/message.build.ts[0m:[93m1[0m:[93m56[0m - [91merror[0m[90m TS2307: [0mCannot find module '@wm/transpiler' or its corresponding type declarations.

[7m1[0m import { getAttrMarkup, IBuildTaskDef, register } from '@wm/transpiler';
[7m [0m [91m                                                       ~~~~~~~~~~~~~~~~[0m
[96mprojects/components/transpile/src/navigation/breadcrumb/breadcrumb.build.ts[0m:[93m1[0m:[93m56[0m - [91merror[0m[90m TS2307: [0mCannot find module '@wm/transpiler' or its corresponding type declarations.

[7m1[0m import { getAttrMarkup, IBuildTaskDef, register } from '@wm/transpiler';
[7m [0m [91m                                                       ~~~~~~~~~~~~~~~~[0m
[96mprojects/components/transpile/src/navigation/menu/menu.build.ts[0m:[93m1[0m:[93m56[0m - [91merror[0m[90m TS2307: [0mCannot find module '@wm/transpiler' or its corresponding type declarations.

[7m1[0m import { getAttrMarkup, IBuildTaskDef, register } from '@wm/transpiler';
[7m [0m [91m                                                       ~~~~~~~~~~~~~~~~[0m
[96mprojects/components/transpile/src/navigation/nav/nav-item/nav-item.build.ts[0m:[93m1[0m:[93m56[0m - [91merror[0m[90m TS2307: [0mCannot find module '@wm/transpiler' or its corresponding type declarations.

[7m1[0m import { getAttrMarkup, IBuildTaskDef, register } from '@wm/transpiler';
[7m [0m [91m                                                       ~~~~~~~~~~~~~~~~[0m
[96mprojects/components/transpile/src/navigation/nav/nav.build.ts[0m:[93m1[0m:[93m56[0m - [91merror[0m[90m TS2307: [0mCannot find module '@wm/transpiler' or its corresponding type declarations.

[7m1[0m import { getAttrMarkup, IBuildTaskDef, register } from '@wm/transpiler';
[7m [0m [91m                                                       ~~~~~~~~~~~~~~~~[0m
[96mprojects/components/transpile/src/navigation/navbar/navbar.build.ts[0m:[93m1[0m:[93m56[0m - [91merror[0m[90m TS2307: [0mCannot find module '@wm/transpiler' or its corresponding type declarations.

[7m1[0m import { getAttrMarkup, IBuildTaskDef, register } from '@wm/transpiler';
[7m [0m [91m                                                       ~~~~~~~~~~~~~~~~[0m
[96mprojects/components/transpile/src/navigation/popover/popover.build.ts[0m:[93m1[0m:[93m56[0m - [91merror[0m[90m TS2307: [0mCannot find module '@wm/transpiler' or its corresponding type declarations.

[7m1[0m import { getAttrMarkup, IBuildTaskDef, register } from '@wm/transpiler';
[7m [0m [91m                                                       ~~~~~~~~~~~~~~~~[0m
[96mprojects/components/transpile/src/page/page.build.ts[0m:[93m4[0m:[93m54[0m - [91merror[0m[90m TS2307: [0mCannot find module '@wm/transpiler' or its corresponding type declarations.

[7m4[0m import {getAttrMarkup, IBuildTaskDef, register} from '@wm/transpiler';
[7m [0m [91m                                                     ~~~~~~~~~~~~~~~~[0m
[96mprojects/components/transpile/src/page/page.build.ts[0m:[93m15[0m:[93m12[0m - [91merror[0m[90m TS2554: [0mExpected 9-10 arguments, but got 6.

[7m15[0m     return new Element(name, [], [], noSpan, noSpan, noSpan);
[7m  [0m [91m           ~~~~~~~~~~~~~~~~~~~~~~~~~~~~~~~~~~~~~~~~~~~~~~~~~[0m

  [96mnode_modules/@angular/compiler/index.d.ts[0m:[93m614[0m:[93m153[0m
    [7m614[0m     constructor(name: string, attrs: Attribute[], directives: Directive$1[], children: Node$1[], isSelfClosing: boolean, sourceSpan: ParseSourceSpan$1, startSourceSpan: ParseSourceSpan$1, endSourceSpan: (ParseSourceSpan$1 | null) | undefined, isVoid: boolean, i18n?: I18nMeta$1);
    [7m   [0m [96m                                                                                                                                                        ~~~~~~~~~~~~~~~~~~~~~~~~~~~~~~~~~~[0m
    An argument for 'startSourceSpan' was not provided.
[96mprojects/components/transpile/src/page/layout.build.ts[0m:[93m2[0m:[93m54[0m - [91merror[0m[90m TS2307: [0mCannot find module '@wm/transpiler' or its corresponding type declarations.

[7m2[0m import {getAttrMarkup, IBuildTaskDef, register} from '@wm/transpiler';
[7m [0m [91m                                                     ~~~~~~~~~~~~~~~~[0m
[96mprojects/components/transpile/src/page/router-outlet/router-outlet.build.ts[0m:[93m1[0m:[93m56[0m - [91merror[0m[90m TS2307: [0mCannot find module '@wm/transpiler' or its corresponding type declarations.

[7m1[0m import { getAttrMarkup, IBuildTaskDef, register } from '@wm/transpiler';
[7m [0m [91m                                                       ~~~~~~~~~~~~~~~~[0m
[96mprojects/components/transpile/src/data/pagination/pagination.build.ts[0m:[93m1[0m:[93m56[0m - [91merror[0m[90m TS2307: [0mCannot find module '@wm/transpiler' or its corresponding type declarations.

[7m1[0m import { getAttrMarkup, IBuildTaskDef, register } from '@wm/transpiler';
[7m [0m [91m                                                       ~~~~~~~~~~~~~~~~[0m
[96mprojects/components/transpile/src/page/content/content.build.ts[0m:[93m1[0m:[93m56[0m - [91merror[0m[90m TS2307: [0mCannot find module '@wm/transpiler' or its corresponding type declarations.

[7m1[0m import { getAttrMarkup, IBuildTaskDef, register } from '@wm/transpiler';
[7m [0m [91m                                                       ~~~~~~~~~~~~~~~~[0m
[96mprojects/components/transpile/src/page/footer/footer.build.ts[0m:[93m1[0m:[93m56[0m - [91merror[0m[90m TS2307: [0mCannot find module '@wm/transpiler' or its corresponding type declarations.

[7m1[0m import { getAttrMarkup, IBuildTaskDef, register } from '@wm/transpiler';
[7m [0m [91m                                                       ~~~~~~~~~~~~~~~~[0m
[96mprojects/components/transpile/src/page/header/header.build.ts[0m:[93m1[0m:[93m54[0m - [91merror[0m[90m TS2307: [0mCannot find module '@wm/transpiler' or its corresponding type declarations.

[7m1[0m import {getAttrMarkup, IBuildTaskDef, register} from '@wm/transpiler';
[7m [0m [91m                                                     ~~~~~~~~~~~~~~~~[0m
[96mprojects/components/transpile/src/page/left-panel/left-panel.build.ts[0m:[93m1[0m:[93m54[0m - [91merror[0m[90m TS2307: [0mCannot find module '@wm/transpiler' or its corresponding type declarations.

[7m1[0m import {getAttrMarkup, IBuildTaskDef, register} from '@wm/transpiler';
[7m [0m [91m                                                     ~~~~~~~~~~~~~~~~[0m
[96mprojects/components/transpile/src/page/mobile-navbar/mobile-navbar.build.ts[0m:[93m1[0m:[93m56[0m - [91merror[0m[90m TS2307: [0mCannot find module '@wm/transpiler' or its corresponding type declarations.

[7m1[0m import { getAttrMarkup, IBuildTaskDef, register } from '@wm/transpiler';
[7m [0m [91m                                                       ~~~~~~~~~~~~~~~~[0m
[96mprojects/components/transpile/src/page/right-panel/right-panel.build.ts[0m:[93m1[0m:[93m54[0m - [91merror[0m[90m TS2307: [0mCannot find module '@wm/transpiler' or its corresponding type declarations.

[7m1[0m import {getAttrMarkup, IBuildTaskDef, register} from '@wm/transpiler';
[7m [0m [91m                                                     ~~~~~~~~~~~~~~~~[0m
[96mprojects/components/transpile/src/page/page-content/page-content.build.ts[0m:[93m1[0m:[93m56[0m - [91merror[0m[90m TS2307: [0mCannot find module '@wm/transpiler' or its corresponding type declarations.

[7m1[0m import { getAttrMarkup, IBuildTaskDef, register } from '@wm/transpiler';
[7m [0m [91m                                                       ~~~~~~~~~~~~~~~~[0m
[96mprojects/components/transpile/src/page/page-content/page-content.build.ts[0m:[93m7[0m:[93m12[0m - [91merror[0m[90m TS2554: [0mExpected 9-10 arguments, but got 6.

[7m7[0m     return new Element(name, [], [], noSpan, noSpan, noSpan);
[7m [0m [91m           ~~~~~~~~~~~~~~~~~~~~~~~~~~~~~~~~~~~~~~~~~~~~~~~~~[0m

  [96mnode_modules/@angular/compiler/index.d.ts[0m:[93m614[0m:[93m153[0m
    [7m614[0m     constructor(name: string, attrs: Attribute[], directives: Directive$1[], children: Node$1[], isSelfClosing: boolean, sourceSpan: ParseSourceSpan$1, startSourceSpan: ParseSourceSpan$1, endSourceSpan: (ParseSourceSpan$1 | null) | undefined, isVoid: boolean, i18n?: I18nMeta$1);
    [7m   [0m [96m                                                                                                                                                        ~~~~~~~~~~~~~~~~~~~~~~~~~~~~~~~~~~[0m
    An argument for 'startSourceSpan' was not provided.
[96mprojects/components/transpile/src/page/tab-bar/tab-bar.build.ts[0m:[93m1[0m:[93m56[0m - [91merror[0m[90m TS2307: [0mCannot find module '@wm/transpiler' or its corresponding type declarations.

[7m1[0m import { getAttrMarkup, IBuildTaskDef, register } from '@wm/transpiler';
[7m [0m [91m                                                       ~~~~~~~~~~~~~~~~[0m
[96mprojects/components/transpile/src/page/top-nav/top-nav.build.ts[0m:[93m1[0m:[93m54[0m - [91merror[0m[90m TS2307: [0mCannot find module '@wm/transpiler' or its corresponding type declarations.

[7m1[0m import {getAttrMarkup, IBuildTaskDef, register} from '@wm/transpiler';
[7m [0m [91m                                                     ~~~~~~~~~~~~~~~~[0m
[96mprojects/components/transpile/src/partial/partial.build.ts[0m:[93m2[0m:[93m56[0m - [91merror[0m[90m TS2307: [0mCannot find module '@wm/transpiler' or its corresponding type declarations.

[7m2[0m import { getAttrMarkup, IBuildTaskDef, register } from '@wm/transpiler';
[7m [0m [91m                                                       ~~~~~~~~~~~~~~~~[0m
[96mprojects/components/transpile/src/partial/partial.build.ts[0m:[93m7[0m:[93m12[0m - [91merror[0m[90m TS2554: [0mExpected 9-10 arguments, but got 6.

[7m7[0m     return new Element(name, [], [], noSpan, noSpan, noSpan);
[7m [0m [91m           ~~~~~~~~~~~~~~~~~~~~~~~~~~~~~~~~~~~~~~~~~~~~~~~~~[0m

  [96mnode_modules/@angular/compiler/index.d.ts[0m:[93m614[0m:[93m153[0m
    [7m614[0m     constructor(name: string, attrs: Attribute[], directives: Directive$1[], children: Node$1[], isSelfClosing: boolean, sourceSpan: ParseSourceSpan$1, startSourceSpan: ParseSourceSpan$1, endSourceSpan: (ParseSourceSpan$1 | null) | undefined, isVoid: boolean, i18n?: I18nMeta$1);
    [7m   [0m [96m                                                                                                                                                        ~~~~~~~~~~~~~~~~~~~~~~~~~~~~~~~~~~[0m
    An argument for 'startSourceSpan' was not provided.
[96mprojects/components/transpile/src/partial-param/partial-param.build.ts[0m:[93m1[0m:[93m56[0m - [91merror[0m[90m TS2307: [0mCannot find module '@wm/transpiler' or its corresponding type declarations.

[7m1[0m import { getAttrMarkup, IBuildTaskDef, register } from '@wm/transpiler';
[7m [0m [91m                                                       ~~~~~~~~~~~~~~~~[0m
[96mprojects/components/transpile/src/prefab/prefab.build.ts[0m:[93m1[0m:[93m41[0m - [91merror[0m[90m TS2307: [0mCannot find module '@wm/transpiler' or its corresponding type declarations.

[7m1[0m import { getAttrMarkup, register } from '@wm/transpiler';
[7m [0m [91m                                        ~~~~~~~~~~~~~~~~[0m
[96mprojects/components/transpile/src/prefab/prefab-container/prefab-container.build.ts[0m:[93m2[0m:[93m56[0m - [91merror[0m[90m TS2307: [0mCannot find module '@wm/transpiler' or its corresponding type declarations.

[7m2[0m import { getAttrMarkup, IBuildTaskDef, register } from '@wm/transpiler';
[7m [0m [91m                                                       ~~~~~~~~~~~~~~~~[0m
[96mprojects/components/transpile/src/prefab/prefab-container/prefab-container.build.ts[0m:[93m7[0m:[93m12[0m - [91merror[0m[90m TS2554: [0mExpected 9-10 arguments, but got 6.

[7m7[0m     return new Element(name, [], [], noSpan, noSpan, noSpan);
[7m [0m [91m           ~~~~~~~~~~~~~~~~~~~~~~~~~~~~~~~~~~~~~~~~~~~~~~~~~[0m

  [96mnode_modules/@angular/compiler/index.d.ts[0m:[93m614[0m:[93m153[0m
    [7m614[0m     constructor(name: string, attrs: Attribute[], directives: Directive$1[], children: Node$1[], isSelfClosing: boolean, sourceSpan: ParseSourceSpan$1, startSourceSpan: ParseSourceSpan$1, endSourceSpan: (ParseSourceSpan$1 | null) | undefined, isVoid: boolean, i18n?: I18nMeta$1);
    [7m   [0m [96m                                                                                                                                                        ~~~~~~~~~~~~~~~~~~~~~~~~~~~~~~~~~~[0m
    An argument for 'startSourceSpan' was not provided.
[96mprojects/components/transpile/src/data/table/table-action/table-action.build.ts[0m:[93m1[0m:[93m56[0m - [91merror[0m[90m TS2307: [0mCannot find module '@wm/transpiler' or its corresponding type declarations.

[7m1[0m import { getAttrMarkup, IBuildTaskDef, register } from '@wm/transpiler';
[7m [0m [91m                                                       ~~~~~~~~~~~~~~~~[0m
[96mprojects/components/transpile/src/data/table/table-column-group/table-column-group.build.ts[0m:[93m1[0m:[93m56[0m - [91merror[0m[90m TS2307: [0mCannot find module '@wm/transpiler' or its corresponding type declarations.

[7m1[0m import { getAttrMarkup, IBuildTaskDef, register } from '@wm/transpiler';
[7m [0m [91m                                                       ~~~~~~~~~~~~~~~~[0m
[96mprojects/components/transpile/src/data/table/table-column/table-column.build.ts[0m:[93m4[0m:[93m80[0m - [91merror[0m[90m TS2307: [0mCannot find module '@wm/transpiler' or its corresponding type declarations.

[7m4[0m import {getAttrMarkup, getDataSource, IBuildTaskDef, ImportDef, register} from '@wm/transpiler';
[7m [0m [91m                                                                               ~~~~~~~~~~~~~~~~[0m
[96mprojects/components/transpile/src/data/table/table-row/table-row.build.ts[0m:[93m1[0m:[93m56[0m - [91merror[0m[90m TS2307: [0mCannot find module '@wm/transpiler' or its corresponding type declarations.

[7m1[0m import { getAttrMarkup, IBuildTaskDef, register } from '@wm/transpiler';
[7m [0m [91m                                                       ~~~~~~~~~~~~~~~~[0m
[96mprojects/components/transpile/src/data/table/table-row-action/table-row-action.build.ts[0m:[93m1[0m:[93m56[0m - [91merror[0m[90m TS2307: [0mCannot find module '@wm/transpiler' or its corresponding type declarations.

[7m1[0m import { getAttrMarkup, IBuildTaskDef, register } from '@wm/transpiler';
[7m [0m [91m                                                       ~~~~~~~~~~~~~~~~[0m
[96mprojects/components/transpile/src/data/table/table.build.ts[0m:[93m4[0m:[93m72[0m - [91merror[0m[90m TS2307: [0mCannot find module '@wm/transpiler' or its corresponding type declarations.

[7m4[0m import { getAttrMarkup, getBoundToExpr, IBuildTaskDef, register } from '@wm/transpiler';
[7m [0m [91m                                                                       ~~~~~~~~~~~~~~~~[0m
[96mprojects/components/transpile/src/basic/video/video.build.ts[0m:[93m1[0m:[93m56[0m - [91merror[0m[90m TS2307: [0mCannot find module '@wm/transpiler' or its corresponding type declarations.

[7m1[0m import { getAttrMarkup, IBuildTaskDef, register } from '@wm/transpiler';
[7m [0m [91m                                                       ~~~~~~~~~~~~~~~~[0m
[96mprojects/components/transpile/src/containers/linear-layout/linear-layout.build.ts[0m:[93m1[0m:[93m56[0m - [91merror[0m[90m TS2307: [0mCannot find module '@wm/transpiler' or its corresponding type declarations.

[7m1[0m import { getAttrMarkup, IBuildTaskDef, register } from '@wm/transpiler';
[7m [0m [91m                                                       ~~~~~~~~~~~~~~~~[0m
[96mprojects/components/transpile/src/containers/linear-layout/linear-layout-item/linear-layout-item.build.ts[0m:[93m1[0m:[93m56[0m - [91merror[0m[90m TS2307: [0mCannot find module '@wm/transpiler' or its corresponding type declarations.

[7m1[0m import { getAttrMarkup, IBuildTaskDef, register } from '@wm/transpiler';
[7m [0m [91m                                                       ~~~~~~~~~~~~~~~~[0m
[96mprojects/components/transpile/src/advanced/custom-widget-container/custom-widget-container.build.ts[0m:[93m1[0m:[93m56[0m - [91merror[0m[90m TS2307: [0mCannot find module '@wm/transpiler' or its corresponding type declarations.

[7m1[0m import { getAttrMarkup, IBuildTaskDef, register } from '@wm/transpiler';
[7m [0m [91m                                                       ~~~~~~~~~~~~~~~~[0m
[96mprojects/components/transpile/src/advanced/custom-widget-wrapper/custom-widget-wrapper.build.ts[0m:[93m2[0m:[93m56[0m - [91merror[0m[90m TS2307: [0mCannot find module '@wm/transpiler' or its corresponding type declarations.

[7m2[0m import { getAttrMarkup, IBuildTaskDef, register } from '@wm/transpiler';
[7m [0m [91m                                                       ~~~~~~~~~~~~~~~~[0m
[96mprojects/components/transpile/src/advanced/custom-widget-wrapper/custom-widget-wrapper.build.ts[0m:[93m7[0m:[93m12[0m - [91merror[0m[90m TS2554: [0mExpected 9-10 arguments, but got 6.

[7m7[0m     return new Element(name, [], [], noSpan, noSpan, noSpan);
[7m [0m [91m           ~~~~~~~~~~~~~~~~~~~~~~~~~~~~~~~~~~~~~~~~~~~~~~~~~[0m

  [96mnode_modules/@angular/compiler/index.d.ts[0m:[93m614[0m:[93m153[0m
    [7m614[0m     constructor(name: string, attrs: Attribute[], directives: Directive$1[], children: Node$1[], isSelfClosing: boolean, sourceSpan: ParseSourceSpan$1, startSourceSpan: ParseSourceSpan$1, endSourceSpan: (ParseSourceSpan$1 | null) | undefined, isVoid: boolean, i18n?: I18nMeta$1);
    [7m   [0m [96m                                                                                                                                                        ~~~~~~~~~~~~~~~~~~~~~~~~~~~~~~~~~~[0m
    An argument for 'startSourceSpan' was not provided.
[96mprojects/components/transpile/src/public_api.ts[0m:[93m111[0m:[93m15[0m - [91merror[0m[90m TS2307: [0mCannot find module '@wm/transpiler' or its corresponding type declarations.

[7m111[0m export * from '@wm/transpiler';
[7m   [0m [91m              ~~~~~~~~~~~~~~~~[0m

Building Angular Package

------------------------------------------------------------------------------
Building entry point '@wm/runtime/base'
------------------------------------------------------------------------------
- Compiling with Angular sources in partial compilation mode.
✖ Compiling with Angular sources in partial compilation mode.
[96mprojects/runtime-base/src/components/app-component/app.component.ts[0m:[93m120[0m:[93m18[0m - [91merror[0m[90m TS2345: [0mArgument of type '"bs3"' is not assignable to parameter of type 'AvailableBsVersions'.

[7m120[0m         setTheme('bs3');
[7m   [0m [91m                 ~~~~~[0m
[96mprojects/runtime-base/src/services/dynamic-component-ref-provider.service.ts[0m:[93m12[0m:[93m25[0m - [91merror[0m[90m TS2307: [0mCannot find module '@wm/transpiler' or its corresponding type declarations.

[7m12[0m import {transpile} from '@wm/transpiler';
[7m  [0m [91m                        ~~~~~~~~~~~~~~~~[0m
[96mprojects/runtime-base/src/services/dynamic-component-ref-provider.service.ts[0m:[93m13[0m:[93m39[0m - [91merror[0m[90m TS2307: [0mCannot find module '@wm/build-task' or its corresponding type declarations.

[7m13[0m import {initComponentsBuildTask} from '@wm/build-task';
[7m  [0m [91m                                      ~~~~~~~~~~~~~~~~[0m

Building Angular Package

------------------------------------------------------------------------------
Building entry point '@wm/runtime/dynamic'
------------------------------------------------------------------------------
- Compiling with Angular sources in partial compilation mode.
✖ Compiling with Angular sources in partial compilation mode.
[96mprojects/runtime-dynamic/src/app/components/page-wrapper.component.ts[0m:[93m17[0m:[93m91[0m - [91merror[0m[90m TS2307: [0mCannot find module '@wm/runtime/base' or its corresponding type declarations.

[7m17[0m import { AppManagerService, BasePageComponent, ComponentRefProvider, ComponentType } from '@wm/runtime/base';
[7m  [0m [91m                                                                                          ~~~~~~~~~~~~~~~~~~[0m
[96mprojects/runtime-dynamic/src/app/components/page-wrapper.component.ts[0m:[93m36[0m:[93m17[0m - [91merror[0m[90m NG2003: [0mNo suitable injection token for parameter 'appManager' of class 'PageWrapperComponent'.
  Consider using the @Inject decorator to specify an injection token.

[7m36[0m         private appManager: AppManagerService,
[7m  [0m [91m                ~~~~~~~~~~[0m

  [96mprojects/runtime-dynamic/src/app/components/page-wrapper.component.ts[0m:[93m36[0m:[93m29[0m
    [7m36[0m         private appManager: AppManagerService,
    [7m  [0m [96m                            ~~~~~~~~~~~~~~~~~[0m
    This type does not have a value, so it cannot be used as injection token.
[96mprojects/runtime-dynamic/src/app/app.routes.ts[0m:[93m1[0m:[93m84[0m - [91merror[0m[90m TS2307: [0mCannot find module '@wm/runtime/base' or its corresponding type declarations.

[7m1[0m import { PrefabPreviewComponent, CanDeactivatePageGuard, EmptyPageComponent } from '@wm/runtime/base';
[7m [0m [91m                                                                                   ~~~~~~~~~~~~~~~~~~[0m
[96mprojects/runtime-dynamic/src/app/services/customwidget-config-provider.service.ts[0m:[93m3[0m:[93m44[0m - [91merror[0m[90m TS2307: [0mCannot find module '@wm/runtime/base' or its corresponding type declarations.

[7m3[0m import { CustomwidgetConfigProvider } from '@wm/runtime/base';
[7m [0m [91m                                           ~~~~~~~~~~~~~~~~~~[0m
[96mprojects/runtime-dynamic/src/app/services/app-js-provider.service.ts[0m:[93m4[0m:[93m31[0m - [91merror[0m[90m TS2307: [0mCannot find module '@wm/runtime/base' or its corresponding type declarations.

[7m4[0m import { AppJSProvider } from '@wm/runtime/base';
[7m [0m [91m                              ~~~~~~~~~~~~~~~~~~[0m
[96mprojects/runtime-dynamic/src/app/services/app-variables-provider.service.ts[0m:[93m2[0m:[93m38[0m - [91merror[0m[90m TS2307: [0mCannot find module '@wm/runtime/base' or its corresponding type declarations.

[7m2[0m import { AppVariablesProvider } from '@wm/runtime/base';
[7m [0m [91m                                     ~~~~~~~~~~~~~~~~~~[0m
[96mprojects/runtime-dynamic/src/app/services/app-extension.service.ts[0m:[93m2[0m:[93m38[0m - [91merror[0m[90m TS2307: [0mCannot find module '@wm/runtime/base' or its corresponding type declarations.

[7m2[0m import { AppExtensionProvider } from '@wm/runtime/base';
[7m [0m [91m                                     ~~~~~~~~~~~~~~~~~~[0m
[96mprojects/runtime-dynamic/src/app/services/component-ref-provider.service.ts[0m:[93m13[0m:[93m49[0m - [91merror[0m[90m TS2307: [0mCannot find module '@wm/transpiler' or its corresponding type declarations.

[7m13[0m import { transpile, scopeComponentStyles } from '@wm/transpiler';
[7m  [0m [91m                                                ~~~~~~~~~~~~~~~~[0m
[96mprojects/runtime-dynamic/src/app/services/component-ref-provider.service.ts[0m:[93m41[0m:[93m8[0m - [91merror[0m[90m TS2307: [0mCannot find module '@wm/runtime/base' or its corresponding type declarations.

[7m41[0m } from '@wm/runtime/base';
[7m  [0m [91m       ~~~~~~~~~~~~~~~~~~[0m
[96mprojects/runtime-dynamic/src/app/services/component-ref-provider.service.ts[0m:[93m295[0m:[93m17[0m - [91merror[0m[90m NG2003: [0mNo suitable injection token for parameter 'appManager' of class 'ComponentRefProviderService'.
  Consider using the @Inject decorator to specify an injection token.

[7m295[0m         private appManager: AppManagerService,
[7m   [0m [91m                ~~~~~~~~~~[0m

  [96mprojects/runtime-dynamic/src/app/services/component-ref-provider.service.ts[0m:[93m295[0m:[93m29[0m
    [7m295[0m         private appManager: AppManagerService,
    [7m   [0m [96m                            ~~~~~~~~~~~~~~~~~[0m
    This type does not have a value, so it cannot be used as injection token.
[96mprojects/runtime-dynamic/src/app/services/prefab-config-provider.service.ts[0m:[93m3[0m:[93m58[0m - [91merror[0m[90m TS2307: [0mCannot find module '@wm/runtime/base' or its corresponding type declarations.

[7m3[0m import { getPrefabConfigUrl, PrefabConfigProvider } from '@wm/runtime/base';
[7m [0m [91m                                                         ~~~~~~~~~~~~~~~~~~[0m
[96mprojects/runtime-dynamic/src/app/app.config.ts[0m:[93m38[0m:[93m8[0m - [91merror[0m[90m TS2307: [0mCannot find module '@wm/runtime/base' or its corresponding type declarations.

[7m38[0m } from "@wm/runtime/base";
[7m  [0m [91m       ~~~~~~~~~~~~~~~~~~[0m
[96mprojects/runtime-dynamic/src/main.ts[0m:[93m6[0m:[93m30[0m - [91merror[0m[90m TS2307: [0mCannot find module '@wm/runtime/base' or its corresponding type declarations.

[7m6[0m import { AppComponent } from '@wm/runtime/base';
[7m [0m [91m                             ~~~~~~~~~~~~~~~~~~[0m
[96mprojects/runtime-dynamic/src/app/app.module.ts[0m:[93m162[0m:[93m8[0m - [91merror[0m[90m TS2307: [0mCannot find module '@wm/runtime/base' or its corresponding type declarations.

[7m162[0m } from '@wm/runtime/base';
[7m   [0m [91m       ~~~~~~~~~~~~~~~~~~[0m
[96mprojects/runtime-dynamic/src/app/app.module.ts[0m:[93m339[0m:[93m14[0m - [91merror[0m[90m NG1010: [0mValue at position 19 in the NgModule.imports of AppModule is not a reference
  Value could not be determined statically.

[7m339[0m     imports: [
[7m   [0m [91m             ~[0m
[7m340[0m         BrowserModule,
[7m   [0m [91m~~~~~~~~~~~~~~~~~~~~~~[0m
[7m...[0m 
[7m361[0m         WM_MODULES_FOR_ROOT
[7m   [0m [91m~~~~~~~~~~~~~~~~~~~~~~~~~~~[0m
[7m362[0m     ],
[7m   [0m [91m~~~~~[0m

  [96mprojects/runtime-dynamic/src/app/app.module.ts[0m:[93m361[0m:[93m9[0m
    [7m361[0m         WM_MODULES_FOR_ROOT
    [7m   [0m [96m        ~~~~~~~~~~~~~~~~~~~[0m
    Unknown reference.

rollup: wm-components-umd
[1m[33m(!) You have passed an unrecognized option[39m[22m
Unknown input options: type. Allowed options: cache, context, experimentalCacheExpiry, experimentalLogSideEffects, external, fs, input, jsx, logLevel, makeAbsoluteExternalsRelative, maxParallelFileOps, moduleContext, onLog, onwarn, perf, plugins, preserveEntrySignatures, preserveSymlinks, shimMissingExports, strictDeprecations, treeshake, watch
[36m
[1m./libraries/core/fesm2022/index.mjs[22m → [1m./libraries/core/bundles/index.umd.js[22m...[39m
[1m[33m(!) Unresolved dependencies[39m[22m
[90mhttps://rollupjs.org/troubleshooting/#warning-treating-module-as-external-dependency[39m
[1mx2js[22m (imported by "libraries/core/fesm2022/index.mjs")
[1mmoment-timezone/moment-timezone[22m (imported by "libraries/core/fesm2022/index.mjs")
[1m[33m(!) Missing global variable names[39m[22m
[90mhttps://rollupjs.org/configuration-options/#output-globals[39m
Use "output.globals" to specify browser global variable names corresponding to external modules:
[1mx2js[22m (guessing "X2JS")
[1mmoment-timezone/moment-timezone[22m (guessing "momentLib")
[32mcreated [1m./libraries/core/bundles/index.umd.js[22m in [1m130ms[22m[39m
[36m
[1m./libraries/swipey/fesm2022/index.mjs[22m → [1m./libraries/swipey/bundles/index.umd.js[22m...[39m
[32mcreated [1m./libraries/swipey/bundles/index.umd.js[22m in [1m4ms[22m[39m
[36m
[1m./libraries/transpiler/fesm2022/index.mjs[22m → [1m./libraries/transpiler/bundles/index.umd.js[22m...[39m
[1m[31m[!] [1mRollupError: Could not resolve entry module "./libraries/transpiler/fesm2022/index.mjs".[22m[1m[39m[22m
[2m    at getRollupError (/Users/bhargavig_500297/projects/wavemaker-studio-frontend/wavemaker-ng-runtime/node_modules/@rollup/wasm-node/dist/shared/parseAst.js:285:41)
    at Object.error (/Users/bhargavig_500297/projects/wavemaker-studio-frontend/wavemaker-ng-runtime/node_modules/@rollup/wasm-node/dist/shared/parseAst.js:281:42)
    at ModuleLoader.loadEntryModule (/Users/bhargavig_500297/projects/wavemaker-studio-frontend/wavemaker-ng-runtime/node_modules/@rollup/wasm-node/dist/shared/rollup.js:22815:32)
    at async Promise.all (index 0)[22m


rollup: wm-components-umd - failure
